 neurons

 Timestamp is 58abf744 (Tue Feb 21 16:16:04 2017)

 Preferred load address is 0000000180000000

 Start         Length     Name                   Class
 0001:00000000 00000140H .text$di                CODE
 0001:00000140 00025ee0H .text$mn                CODE
 0001:00026020 00000020H .text$mn$00             CODE
 0001:00026040 000004d0H .text$x                 CODE
 0001:00026510 000001e4H .text$yd                CODE
 0002:00000000 000002a8H .idata$5                DATA
 0002:000002a8 00000010H .00cfg                  DATA
 0002:000002b8 00000008H .CRT$XCA                DATA
 0002:000002c0 00000038H .CRT$XCC                DATA
 0002:000002f8 00000010H .CRT$XCL                DATA
 0002:00000308 00000010H .CRT$XCU                DATA
 0002:00000318 00000008H .CRT$XCZ                DATA
 0002:00000320 00000008H .CRT$XIA                DATA
 0002:00000328 00000030H .CRT$XIC                DATA
 0002:00000358 00000008H .CRT$XIZ                DATA
 0002:00000360 00000008H .CRT$XLA                DATA
 0002:00000368 00000008H .CRT$XLZ                DATA
 0002:00000370 00000008H .CRT$XPA                DATA
 0002:00000378 00000010H .CRT$XPX                DATA
 0002:00000388 00000008H .CRT$XPXA               DATA
 0002:00000390 00000008H .CRT$XPZ                DATA
 0002:00000398 00000008H .CRT$XTA                DATA
 0002:000003a0 00000010H .CRT$XTZ                DATA
 0002:000003b0 0000fe68H .rdata                  DATA
 0002:00010218 00000028H .rdata$T                DATA
 0002:00010240 00001064H .rdata$r                DATA
 0002:000112a4 00000484H .rdata$zzzdbg           DATA
 0002:00011728 00000008H .rtc$IAA                DATA
 0002:00011730 00000008H .rtc$IZZ                DATA
 0002:00011738 00000008H .rtc$TAA                DATA
 0002:00011740 00000010H .rtc$TZZ                DATA
 0002:00011750 000021d0H .xdata                  DATA
 0002:00013920 000002a4H .xdata$x                DATA
 0002:00013bc4 00000020H .didat$2                DATA
 0002:00013be4 00000024H .didat$3                DATA
 0002:00013c08 00000068H .didat$4                DATA
 0002:00013c70 000002e8H .didat$6                DATA
 0002:00013f58 00000068H .didat$7                DATA
 0002:00013fc0 00000054H .edata                  DATA
 0002:00014014 00000014H .idata$2                DATA
 0002:00014028 00000018H .idata$3                DATA
 0002:00014040 000002a8H .idata$4                DATA
 0002:000142e8 0000061aH .idata$6                DATA
 0003:00000000 00000b90H .data                   DATA
 0003:00000b90 00000620H .data$r                 DATA
 0003:000011b0 00000070H .didat$5                DATA
 0003:00001220 000019d4H .bss                    DATA
 0004:00000000 00002370H .pdata                  DATA
 0005:00000000 000000b4H .gfids$x                DATA
 0005:000000b4 00000238H .gfids$y                DATA
 0006:00000000 00000004H .tls                    DATA
 0006:00000004 00000004H .tls$                   DATA
 0006:00000008 00000001H .tls$ZZZ                DATA
 0007:00000000 00000060H .rsrc$01                DATA
 0007:00000060 00000180H .rsrc$02                DATA

  Address         Publics by Value              Rva+Base               Lib:Object

 0000:00000000       __guard_iat_table          0000000000000000     <absolute>
 0000:00000000       __dynamic_value_reloc_table 0000000000000000     <absolute>
 0000:00000000       __guard_iat_count          0000000000000000     <absolute>
 0000:00000000       __guard_longjmp_table      0000000000000000     <absolute>
 0000:00000000       __guard_longjmp_count      0000000000000000     <absolute>
 0000:00000000       __guard_fids_count         0000000000000000     <absolute>
 0000:00000000       ___safe_se_handler_table   0000000000000000     <absolute>
 0000:00000000       ___safe_se_handler_count   0000000000000000     <absolute>
 0000:00000000       __guard_fids_table         0000000000000000     <absolute>
 0000:00000100       __guard_flags              0000000000000100     <absolute>
 0000:00000000       __ImageBase                0000000180000000     <linker-defined>
 0001:00000140       __local_stdio_printf_options 0000000180001140 f i neurons.obj
 0001:00000150       sprintf_s                  0000000180001150 f i neurons.obj
 0001:000001b0       ?what@exception@stdext@@UEBAPEBDXZ 00000001800011b0 f i neurons.obj
 0001:000001d0       ?_Orphan_all@?$_Vector_alloc@U?$_Vec_base_types@PEAVNeuron@@V?$allocator@PEAVNeuron@@@std@@@std@@@std@@QEAAXXZ 00000001800011d0 f i neuronengine.obj
 0001:000001d0       ?_Destroy@?$vector@PEAVNeuron@@V?$allocator@PEAVNeuron@@@std@@@std@@IEAAXPEAPEAVNeuron@@0@Z 00000001800011d0 f i neuronengine.obj
 0001:000001d0       ?_Lock@?$basic_streambuf@DU?$char_traits@D@std@@@std@@UEAAXXZ 00000001800011d0 f i libcpmt:cout.obj
 0001:000001d0       ?_Doraise@exception@stdext@@MEBAXXZ 00000001800011d0 f i neurons.obj
 0001:000001d0       __except_validate_context_record 00000001800011d0 f i libvcruntime:jbcxrval.obj
 0001:000001d0       ?imbue@?$basic_streambuf@DU?$char_traits@D@std@@@std@@MEAAXAEBVlocale@2@@Z 00000001800011d0 f i libcpmt:cout.obj
 0001:000001d0       ?_Unlock@?$basic_streambuf@DU?$char_traits@D@std@@@std@@UEAAXXZ 00000001800011d0 f i libcpmt:cout.obj
 0001:000001d0       _guard_check_icall_nop     00000001800011d0 f i LIBCMT:guard_support.obj
 0001:000001e0       ??_Eruntime_error@std@@UEAAPEAXI@Z 00000001800011e0 f i * CIL library *:* CIL module *
 0001:000001e0       ??_Eexception@stdext@@UEAAPEAXI@Z 00000001800011e0 f i * CIL library *:* CIL module *
 0001:000001e0       ??_Gexception@stdext@@UEAAPEAXI@Z 00000001800011e0 f i neurons.obj
 0001:000001e0       ??_Gruntime_error@std@@UEAAPEAXI@Z 00000001800011e0 f i neurons.obj
 0001:00000210       ?_Deallocate@std@@YAXPEAX_K1@Z 0000000180001210 f i neurons.obj
 0001:00000280       ??0_Locinfo@std@@QEAA@PEBD@Z 0000000180001280 f i neurons.obj
 0001:00000340       ??1_Locinfo@std@@QEAA@XZ   0000000180001340 f i neurons.obj
 0001:000003e0       ??_E_Facet_base@std@@UEAAPEAXI@Z 00000001800013e0 f i * CIL library *:* CIL module *
 0001:000003e0       ??_G_Facet_base@std@@UEAAPEAXI@Z 00000001800013e0 f i neurons.obj
 0001:00000410       ?_Incref@facet@locale@std@@UEAAXXZ 0000000180001410 f i neurons.obj
 0001:00000420       ?_Decref@facet@locale@std@@UEAAPEAV_Facet_base@3@XZ 0000000180001420 f i neurons.obj
 0001:00000430       ?_Getcat@?$ctype@D@std@@SA_KPEAPEBVfacet@locale@2@PEBV42@@Z 0000000180001430 f i neurons.obj
 0001:000004f0       ?do_tolower@?$ctype@D@std@@MEBADD@Z 00000001800014f0 f i neurons.obj
 0001:00000500       ?do_tolower@?$ctype@D@std@@MEBAPEBDPEADPEBD@Z 0000000180001500 f i neurons.obj
 0001:00000560       ?do_toupper@?$ctype@D@std@@MEBADD@Z 0000000180001560 f i neurons.obj
 0001:00000570       ?do_toupper@?$ctype@D@std@@MEBAPEBDPEADPEBD@Z 0000000180001570 f i neurons.obj
 0001:000005d0       ?do_narrow@?$ctype@D@std@@MEBADDD@Z 00000001800015d0 f i neurons.obj
 0001:000005d0       ?do_widen@?$ctype@D@std@@MEBADD@Z 00000001800015d0 f i neurons.obj
 0001:000005e0       ?do_widen@?$ctype@D@std@@MEBAPEBDPEBD0PEAD@Z 00000001800015e0 f i neurons.obj
 0001:00000600       ?do_narrow@?$ctype@D@std@@MEBAPEBDPEBD0DPEAD@Z 0000000180001600 f i neurons.obj
 0001:00000620       ??_E?$ctype@D@std@@MEAAPEAXI@Z 0000000180001620 f i * CIL library *:* CIL module *
 0001:00000620       ??_G?$ctype@D@std@@MEAAPEAXI@Z 0000000180001620 f i neurons.obj
 0001:00000690       ??_Gerror_category@std@@UEAAPEAXI@Z 0000000180001690 f i neurons.obj
 0001:00000690       ??_G_Iostream_error_category@std@@UEAAPEAXI@Z 0000000180001690 f i neurons.obj
 0001:00000690       ??_Eerror_category@std@@UEAAPEAXI@Z 0000000180001690 f i * CIL library *:* CIL module *
 0001:00000690       ??_E_Iostream_error_category@std@@UEAAPEAXI@Z 0000000180001690 f i * CIL library *:* CIL module *
 0001:000006c0       ?default_error_condition@error_category@std@@UEBA?AVerror_condition@2@H@Z 00000001800016c0 f i neurons.obj
 0001:000006d0       ?equivalent@error_category@std@@UEBA_NHAEBVerror_condition@2@@Z 00000001800016d0 f i neurons.obj
 0001:00000730       ?equivalent@error_category@std@@UEBA_NAEBVerror_code@2@H@Z 0000000180001730 f i neurons.obj
 0001:00000750       ??0_System_error@std@@IEAA@Verror_code@1@AEBV?$basic_string@DU?$char_traits@D@std@@V?$allocator@D@2@@1@@Z 0000000180001750 f i neurons.obj
 0001:00000970       ??_Efailure@ios_base@std@@UEAAPEAXI@Z 0000000180001970 f i * CIL library *:* CIL module *
 0001:00000970       ??_Gfailure@ios_base@std@@UEAAPEAXI@Z 0000000180001970 f i neurons.obj
 0001:00000970       ??_E_System_error@std@@UEAAPEAXI@Z 0000000180001970 f i * CIL library *:* CIL module *
 0001:00000970       ??_G_System_error@std@@UEAAPEAXI@Z 0000000180001970 f i neurons.obj
 0001:000009a0       ?name@_Iostream_error_category@std@@UEBAPEBDXZ 00000001800019a0 f i neurons.obj
 0001:000009b0       ?message@_Iostream_error_category@std@@UEBA?AV?$basic_string@DU?$char_traits@D@std@@V?$allocator@D@2@@2@H@Z 00000001800019b0 f i neurons.obj
 0001:00000a30       ?clear@ios_base@std@@QEAAXH_N@Z 0000000180001a30 f i neurons.obj
 0001:00000db0       ?Learn@mc@@YAXAEBV?$FunctionCallbackInfo@VValue@v8@@@v8@@@Z 0000000180001db0 f   neurons.obj
 0001:00001320       ?Classify@mc@@YAXAEBV?$FunctionCallbackInfo@VValue@v8@@@v8@@@Z 0000000180002320 f   neurons.obj
 0001:000017f0       ?init@mc@@YAXV?$Local@VObject@v8@@@v8@@@Z 00000001800027f0 f   neurons.obj
 0001:00001970       ??1?$basic_string@DU?$char_traits@D@std@@V?$allocator@D@2@@std@@QEAA@XZ 0000000180002970 f i neurons.obj
 0001:00001a00       ??6?$basic_ostream@DU?$char_traits@D@std@@@std@@QEAAAEAV01@H@Z 0000000180002a00 f i neurons.obj
 0001:00001ba0       ??0sentry@?$basic_ostream@DU?$char_traits@D@std@@@std@@QEAA@AEAV12@@Z 0000000180002ba0 f i neurons.obj
 0001:00001c10       ?do_put@?$num_put@DV?$ostreambuf_iterator@DU?$char_traits@D@std@@@std@@@std@@MEBA?AV?$ostreambuf_iterator@DU?$char_traits@D@std@@@2@V32@AEAVios_base@2@DPEBX@Z 0000000180002c10 f i neurons.obj
 0001:00001cb0       ?do_put@?$num_put@DV?$ostreambuf_iterator@DU?$char_traits@D@std@@@std@@@std@@MEBA?AV?$ostreambuf_iterator@DU?$char_traits@D@std@@@2@V32@AEAVios_base@2@DO@Z 0000000180002cb0 f i neurons.obj
 0001:00001f20       ?do_put@?$num_put@DV?$ostreambuf_iterator@DU?$char_traits@D@std@@@std@@@std@@MEBA?AV?$ostreambuf_iterator@DU?$char_traits@D@std@@@2@V32@AEAVios_base@2@DN@Z 0000000180002f20 f i neurons.obj
 0001:00002190       ?do_put@?$num_put@DV?$ostreambuf_iterator@DU?$char_traits@D@std@@@std@@@std@@MEBA?AV?$ostreambuf_iterator@DU?$char_traits@D@std@@@2@V32@AEAVios_base@2@D_K@Z 0000000180003190 f i neurons.obj
 0001:00002290       ?do_put@?$num_put@DV?$ostreambuf_iterator@DU?$char_traits@D@std@@@std@@@std@@MEBA?AV?$ostreambuf_iterator@DU?$char_traits@D@std@@@2@V32@AEAVios_base@2@D_J@Z 0000000180003290 f i neurons.obj
 0001:00002390       ?do_put@?$num_put@DV?$ostreambuf_iterator@DU?$char_traits@D@std@@@std@@@std@@MEBA?AV?$ostreambuf_iterator@DU?$char_traits@D@std@@@2@V32@AEAVios_base@2@DK@Z 0000000180003390 f i neurons.obj
 0001:00002490       ?do_put@?$num_put@DV?$ostreambuf_iterator@DU?$char_traits@D@std@@@std@@@std@@MEBA?AV?$ostreambuf_iterator@DU?$char_traits@D@std@@@2@V32@AEAVios_base@2@DJ@Z 0000000180003490 f i neurons.obj
 0001:00002590       ?do_put@?$num_put@DV?$ostreambuf_iterator@DU?$char_traits@D@std@@@std@@@std@@MEBA?AV?$ostreambuf_iterator@DU?$char_traits@D@std@@@2@V32@AEAVios_base@2@D_N@Z 0000000180003590 f i neurons.obj
 0001:00002b40       ?assign@?$basic_string@DU?$char_traits@D@std@@V?$allocator@D@2@@std@@QEAAAEAV12@_KD@Z 0000000180003b40 f i neurons.obj
 0001:00002c40       ?assign@?$basic_string@DU?$char_traits@D@std@@V?$allocator@D@2@@std@@QEAAAEAV12@PEBD_K@Z 0000000180003c40 f i neurons.obj
 0001:00002d70       ?assign@?$basic_string@DU?$char_traits@D@std@@V?$allocator@D@2@@std@@QEAAAEAV12@AEBV12@_K1@Z 0000000180003d70 f i neurons.obj
 0001:00002ea0       ?append@?$basic_string@DU?$char_traits@D@std@@V?$allocator@D@2@@std@@QEAAAEAV12@PEBD_K@Z 0000000180003ea0 f i neurons.obj
 0001:00002ff0       ?append@?$basic_string@DU?$char_traits@D@std@@V?$allocator@D@2@@std@@QEAAAEAV12@AEBV12@_K1@Z 0000000180003ff0 f i neurons.obj
 0001:00003120       ?_Assign_rv@?$basic_string@DU?$char_traits@D@std@@V?$allocator@D@2@@std@@QEAAX$$QEAV12@@Z 0000000180004120 f i neurons.obj
 0001:000031a0       ??_G?$codecvt@DDU_Mbstatet@@@std@@MEAAPEAXI@Z 00000001800041a0 f i libcpmt:cout.obj
 0001:000031a0       ??_E?$num_put@DV?$ostreambuf_iterator@DU?$char_traits@D@std@@@std@@@std@@MEAAPEAXI@Z 00000001800041a0 f i * CIL library *:* CIL module *
 0001:000031a0       ??_E?$codecvt@DDU_Mbstatet@@@std@@MEAAPEAXI@Z 00000001800041a0 f i libcpmt:cout.obj
 0001:000031a0       ??_G?$num_put@DV?$ostreambuf_iterator@DU?$char_traits@D@std@@@std@@@std@@MEAAPEAXI@Z 00000001800041a0 f i neurons.obj
 0001:000031d0       ?do_truename@?$numpunct@D@std@@MEBA?AV?$basic_string@DU?$char_traits@D@std@@V?$allocator@D@2@@2@XZ 00000001800041d0 f i neurons.obj
 0001:00003220       ?do_falsename@?$numpunct@D@std@@MEBA?AV?$basic_string@DU?$char_traits@D@std@@V?$allocator@D@2@@2@XZ 0000000180004220 f i neurons.obj
 0001:00003270       ?do_grouping@?$numpunct@D@std@@MEBA?AV?$basic_string@DU?$char_traits@D@std@@V?$allocator@D@2@@2@XZ 0000000180004270 f i neurons.obj
 0001:000032c0       ?do_thousands_sep@?$numpunct@D@std@@MEBADXZ 00000001800042c0 f i neurons.obj
 0001:000032d0       ?do_decimal_point@?$numpunct@D@std@@MEBADXZ 00000001800042d0 f i neurons.obj
 0001:000032e0       ?_Iput@?$num_put@DV?$ostreambuf_iterator@DU?$char_traits@D@std@@@std@@@std@@AEBA?AV?$ostreambuf_iterator@DU?$char_traits@D@std@@@2@V32@AEAVios_base@2@DPEAD_K@Z 00000001800042e0 f i neurons.obj
 0001:00003ac0       ?_Fput@?$num_put@DV?$ostreambuf_iterator@DU?$char_traits@D@std@@@std@@@std@@AEBA?AV?$ostreambuf_iterator@DU?$char_traits@D@std@@@2@V32@AEAVios_base@2@DPEBD_K@Z 0000000180004ac0 f i neurons.obj
 0001:00004320       ?erase@?$basic_string@DU?$char_traits@D@std@@V?$allocator@D@2@@std@@QEAAAEAV12@_K0@Z 0000000180005320 f i neurons.obj
 0001:000043f0       ?append@?$basic_string@DU?$char_traits@D@std@@V?$allocator@D@2@@std@@QEAAAEAV12@_KD@Z 00000001800053f0 f i neurons.obj
 0001:00004500       ?flush@?$basic_ostream@DU?$char_traits@D@std@@@std@@QEAAAEAV12@XZ 0000000180005500 f i neurons.obj
 0001:000045f0       ??_E?$numpunct@D@std@@MEAAPEAXI@Z 00000001800055f0 f i * CIL library *:* CIL module *
 0001:000045f0       ??_G?$numpunct@D@std@@MEAAPEAXI@Z 00000001800055f0 f i neurons.obj
 0001:00004650       ?_Copy@?$basic_string@DU?$char_traits@D@std@@V?$allocator@D@2@@std@@QEAAX_K0@Z 0000000180005650 f i neurons.obj
 0001:000047d0       ??$use_facet@V?$ctype@D@std@@@std@@YAAEBV?$ctype@D@0@AEBVlocale@0@@Z 00000001800057d0 f i neurons.obj
 0001:00004900       ??$_Immortalize@V_Iostream_error_category@std@@@std@@YAAEAV_Iostream_error_category@0@XZ 0000000180005900 f i neurons.obj
 0001:00004980       ??$_Integral_to_string@DH@std@@YA?AV?$basic_string@DU?$char_traits@D@std@@V?$allocator@D@2@@0@H@Z 0000000180005980 f i neurons.obj
 0001:00004a60       ??$?6U?$char_traits@D@std@@@std@@YAAEAV?$basic_ostream@DU?$char_traits@D@std@@@0@AEAV10@PEBD@Z 0000000180005a60 f i neurons.obj
 0001:00004cb0       ??$use_facet@V?$num_put@DV?$ostreambuf_iterator@DU?$char_traits@D@std@@@std@@@std@@@std@@YAAEBV?$num_put@DV?$ostreambuf_iterator@DU?$char_traits@D@std@@@std@@@0@AEBVlocale@0@@Z 0000000180005cb0 f i neurons.obj
 0001:00004e30       ??$use_facet@V?$numpunct@D@std@@@std@@YAAEBV?$numpunct@D@0@AEBVlocale@0@@Z 0000000180005e30 f i neurons.obj
 0001:00004f60       ?_Getcat@?$numpunct@D@std@@SA_KPEAPEBVfacet@locale@2@PEBV42@@Z 0000000180005f60 f i neurons.obj
 0001:00005020       ?put@?$basic_ostream@DU?$char_traits@D@std@@@std@@QEAAAEAV12@D@Z 0000000180006020 f i neurons.obj
 0001:00005170       ?widen@?$basic_ios@DU?$char_traits@D@std@@@std@@QEBADD@Z 0000000180006170 f i neurons.obj
 0001:00005210       ?_Init@?$numpunct@D@std@@IEAAXAEBV_Locinfo@2@_N@Z 0000000180006210 f i neurons.obj
 0001:00005390       ??0NeuronEngine@@QEAA@EHHGGGG@Z 0000000180006390 f   neuronengine.obj
 0001:00005410       ?Begin@NeuronEngine@@MEAAXHHGGGG@Z 0000000180006410 f   neuronengine.obj
 0001:000054c0       ?ResetEngine@NeuronEngine@@UEAAXXZ 00000001800064c0 f   neuronengine.obj
 0001:000054f0       ?Learn@NeuronEngine@@UEAAHGPEAEH@Z 00000001800064f0 f   neuronengine.obj
 0001:00005560       ?Classify@NeuronEngine@@UEAAHQEAEHQEAGPEAH@Z 0000000180006560 f   neuronengine.obj
 0001:00005620       ?Classify@NeuronEngine@@UEAAHQEAEH@Z 0000000180006620 f   neuronengine.obj
 0001:00005680       ?LearnRBF@NeuronEngine@@MEAAHHPEAEH@Z 0000000180006680 f   neuronengine.obj
 0001:000058d0       ?ClassifyRBF@NeuronEngine@@MEAAHQEAEH@Z 00000001800068d0 f   neuronengine.obj
 0001:00005ab0       ?ClassifyKNN@NeuronEngine@@MEAAHQEAEH@Z 0000000180006ab0 f   neuronengine.obj
 0001:00005c60       ?CreateNeuron@NeuronEngine@@IEAA_NHHHHQEAEH@Z 0000000180006c60 f   neuronengine.obj
 0001:00005db0       ?ClearNeuronList@NeuronEngine@@QEAAXXZ 0000000180006db0 f   neuronengine.obj
 0001:00005e60       ?Reset@Neuron@@IEAAXXZ     0000000180006e60 f   neuronengine.obj
 0001:00005eb0       ?WriteNeuronMem@Neuron@@IEAA_NGQEAEH@Z 0000000180006eb0 f   neuronengine.obj
 0001:00005f40       ?CalcDistanceL1@Neuron@@IEAAGPEAEH@Z 0000000180006f40 f   neuronengine.obj
 0001:00006090       ?_Tidy@?$vector@PEAVNeuron@@V?$allocator@PEAVNeuron@@@std@@@std@@IEAAXXZ 0000000180007090 f i neuronengine.obj
 0001:00006130       ?_Reserve@?$vector@PEAVNeuron@@V?$allocator@PEAVNeuron@@@std@@@std@@IEAAX_K@Z 0000000180007130 f i neuronengine.obj
 0001:000061c0       ?_Reallocate@?$vector@PEAVNeuron@@V?$allocator@PEAVNeuron@@@std@@@std@@IEAAX_K@Z 00000001800071c0 f i neuronengine.obj
 0001:00006300       ??$_Sort_unchecked1@PEAPEAVNeuron@@_JP6A_NPEAV1@0@Z@std@@YAXPEAPEAVNeuron@@0_JAEAP6A_NPEAV1@2@Z@Z 0000000180007300 f i neuronengine.obj
 0001:00006420       ??$_Partition_by_median_guess_unchecked@PEAPEAVNeuron@@P6A_NPEAV1@0@Z@std@@YA?AU?$pair@PEAPEAVNeuron@@PEAPEAV1@@0@PEAPEAVNeuron@@0AEAP6A_NPEAV2@1@Z@Z 0000000180007420 f i neuronengine.obj
 0001:00006620       ??$_Make_heap_unchecked@PEAPEAVNeuron@@P6A_NPEAV1@0@Z@std@@YAXPEAPEAVNeuron@@0AEAP6A_NPEAV1@1@Z@Z 0000000180007620 f i neuronengine.obj
 0001:00006770       ??$_Sort_heap_unchecked@PEAPEAVNeuron@@P6A_NPEAV1@0@Z@std@@YAXPEAPEAVNeuron@@0AEAP6A_NPEAV1@1@Z@Z 0000000180007770 f i neuronengine.obj
 0001:000068f0       ??$_Insertion_sort_unchecked@PEAPEAVNeuron@@P6A_NPEAV1@0@Z@std@@YAXPEAPEAVNeuron@@0AEAP6A_NPEAV1@1@Z@Z 00000001800078f0 f i neuronengine.obj
 0001:000069d0       ??$_Guess_median_unchecked@PEAPEAVNeuron@@P6A_NPEAV1@0@Z@std@@YAXPEAPEAVNeuron@@00AEAP6A_NPEAV1@1@Z@Z 00000001800079d0 f i neuronengine.obj
 0001:00006c2c       __imp_load_?GetCurrent@Isolate@v8@@SAPEAV12@XZ 0000000180007c2c f   node:node.exe
 0001:00006c38       __tailMerge_node_exe       0000000180007c38 f i node:node.exe
 0001:00006cb1       __imp_load_??1HandleScope@v8@@QEAA@XZ 0000000180007cb1 f   node:node.exe
 0001:00006cbd       __imp_load_??0HandleScope@v8@@QEAA@PEAVIsolate@1@@Z 0000000180007cbd f   node:node.exe
 0001:00006cc9       __imp_load_?GetFunction@FunctionTemplate@v8@@QEAA?AV?$Local@VFunction@v8@@@2@XZ 0000000180007cc9 f   node:node.exe
 0001:00006cd5       __imp_load_?New@FunctionTemplate@v8@@SA?AV?$Local@VFunctionTemplate@v8@@@2@PEAVIsolate@2@P6AXAEBV?$FunctionCallbackInfo@VValue@v8@@@2@@ZV?$Local@VValue@v8@@@2@V?$Local@VSignature@v8@@@2@H@Z 0000000180007cd5 f   node:node.exe
 0001:00006ce1       __imp_load_??1Utf8Value@String@v8@@QEAA@XZ 0000000180007ce1 f   node:node.exe
 0001:00006ced       __imp_load_??0Utf8Value@String@v8@@QEAA@V?$Local@VValue@v8@@@2@@Z 0000000180007ced f   node:node.exe
 0001:00006cf9       __imp_load_?NewFromUtf8@String@v8@@SA?AV?$Local@VString@v8@@@2@PEAVIsolate@2@PEBDW4NewStringType@12@H@Z 0000000180007cf9 f   node:node.exe
 0001:00006d05       __imp_load_?Set@Object@v8@@QEAA_NV?$Local@VValue@v8@@@2@0@Z 0000000180007d05 f   node:node.exe
 0001:00006d11       __imp_load_?SetName@Function@v8@@QEAAXV?$Local@VString@v8@@@2@@Z 0000000180007d11 f   node:node.exe
 0001:00006d1d       __imp_load_node_module_register 0000000180007d1d f   node:node.exe
 0001:00006d29       __imp_load_?ToString@Value@v8@@QEBA?AV?$Local@VString@v8@@@2@XZ 0000000180007d29 f   node:node.exe
 0001:00006d38       ??0_Init_locks@std@@QEAA@XZ 0000000180007d38 f   libcpmt:xlock.obj
 0001:00006d84       ??0_Lockit@std@@QEAA@H@Z   0000000180007d84 f   libcpmt:xlock.obj
 0001:00006dc0       ??1_Init_locks@std@@QEAA@XZ 0000000180007dc0 f   libcpmt:xlock.obj
 0001:00006e04       ??1_Lockit@std@@QEAA@XZ    0000000180007e04 f   libcpmt:xlock.obj
 0001:00006e38       ??$use_facet@V?$codecvt@DDU_Mbstatet@@@std@@@std@@YAAEBV?$codecvt@DDU_Mbstatet@@@0@AEBVlocale@0@@Z 0000000180007e38 f i libcpmt:cout.obj
 0001:00006f70       ??0?$basic_ostream@DU?$char_traits@D@std@@@std@@QEAA@PEAV?$basic_streambuf@DU?$char_traits@D@std@@@1@_N@Z 0000000180007f70 f i libcpmt:cout.obj
 0001:00007038       ??0?$basic_streambuf@DU?$char_traits@D@std@@@std@@IEAA@XZ 0000000180008038 f i libcpmt:cout.obj
 0001:000070e8       ??0_Init_cout@std@@QEAA@XZ 00000001800080e8 f i libcpmt:cout.obj
 0001:00007154       ??0bad_cast@std@@QEAA@AEBV01@@Z 0000000180008154 f i libcpmt:cout.obj
 0001:00007194       ??0bad_cast@std@@QEAA@XZ   0000000180008194 f i libcpmt:cout.obj
 0001:000071b4       ??0exception@std@@QEAA@AEBV01@@Z 00000001800081b4 f i libcpmt:cout.obj
 0001:000071ec       ??1?$basic_filebuf@DU?$char_traits@D@std@@@std@@UEAA@XZ 00000001800081ec f i libcpmt:cout.obj
 0001:00007298       ??1?$basic_ios@DU?$char_traits@D@std@@@std@@UEAA@XZ 0000000180008298 f i libcpmt:cout.obj
 0001:000072bc       ??_E?$basic_ostream@DU?$char_traits@D@std@@@std@@$4PPPPPPPM@A@EAAPEAXI@Z 00000001800082bc f i libcpmt:cout.obj
 0001:000072c8       ??_G?$basic_filebuf@DU?$char_traits@D@std@@@std@@UEAAPEAXI@Z 00000001800082c8 f i libcpmt:cout.obj
 0001:000072c8       ??_E?$basic_filebuf@DU?$char_traits@D@std@@@std@@UEAAPEAXI@Z 00000001800082c8 f i libcpmt:cout.obj
 0001:000072fc       ??_E?$basic_ios@DU?$char_traits@D@std@@@std@@UEAAPEAXI@Z 00000001800082fc f i libcpmt:cout.obj
 0001:000072fc       ??_G?$basic_ios@DU?$char_traits@D@std@@@std@@UEAAPEAXI@Z 00000001800082fc f i libcpmt:cout.obj
 0001:00007348       ??_G?$basic_ostream@DU?$char_traits@D@std@@@std@@UEAAPEAXI@Z 0000000180008348 f i libcpmt:cout.obj
 0001:00007348       ??_E?$basic_ostream@DU?$char_traits@D@std@@@std@@UEAAPEAXI@Z 0000000180008348 f i libcpmt:cout.obj
 0001:000073b8       ??_E?$basic_streambuf@DU?$char_traits@D@std@@@std@@UEAAPEAXI@Z 00000001800083b8 f i libcpmt:cout.obj
 0001:000073b8       ??_G?$basic_streambuf@DU?$char_traits@D@std@@@std@@UEAAPEAXI@Z 00000001800083b8 f i libcpmt:cout.obj
 0001:00007408       ??_Eios_base@std@@UEAAPEAXI@Z 0000000180008408 f i libcpmt:cout.obj
 0001:00007408       ??_Gios_base@std@@UEAAPEAXI@Z 0000000180008408 f i libcpmt:cout.obj
 0001:00007454       ??_Glocale@std@@QEAAPEAXI@Z 0000000180008454 f i libcpmt:cout.obj
 0001:000074e4       ?_Endwrite@?$basic_filebuf@DU?$char_traits@D@std@@@std@@IEAA_NXZ 00000001800084e4 f i libcpmt:cout.obj
 0001:00007698       ?_Getcat@?$codecvt@DDU_Mbstatet@@@std@@SA_KPEAPEBVfacet@locale@2@PEBV42@@Z 0000000180008698 f i libcpmt:cout.obj
 0001:0000775c       ?_Init@?$basic_filebuf@DU?$char_traits@D@std@@@std@@IEAAXPEAU_iobuf@@W4_Initfl@12@@Z 000000018000875c f i libcpmt:cout.obj
 0001:00007848       ?_Init@ios_base@std@@IEAAXXZ 0000000180008848 f i libcpmt:cout.obj
 0001:000078c8       ?_Initcvt@?$basic_filebuf@DU?$char_traits@D@std@@@std@@IEAAXPEBV?$codecvt@DDU_Mbstatet@@@2@@Z 00000001800088c8 f i libcpmt:cout.obj
 0001:00007968       ?_Lock@?$basic_filebuf@DU?$char_traits@D@std@@@std@@UEAAXXZ 0000000180008968 f i libcpmt:cout.obj
 0001:00007984       ?_Unlock@?$basic_filebuf@DU?$char_traits@D@std@@@std@@UEAAXXZ 0000000180008984 f i libcpmt:cout.obj
 0001:000079a0       ?do_out@?$codecvt@DDU_Mbstatet@@@std@@MEBAHAEAU_Mbstatet@@PEBD1AEAPEBDPEAD3AEAPEAD@Z 00000001800089a0 f i libcpmt:cout.obj
 0001:000079a0       ?do_in@?$codecvt@DDU_Mbstatet@@@std@@MEBAHAEAU_Mbstatet@@PEBD1AEAPEBDPEAD3AEAPEAD@Z 00000001800089a0 f i libcpmt:cout.obj
 0001:000079bc       ?do_length@?$codecvt@DDU_Mbstatet@@@std@@MEBAHAEAU_Mbstatet@@PEBD1_K@Z 00000001800089bc f i libcpmt:cout.obj
 0001:000079d0       _get_startup_argv_mode     00000001800089d0 f i LIBCMT:argv_mode.obj
 0001:000079d0       DllMain                    00000001800089d0 f i LIBCMT:dll_dllmain_stub.obj
 0001:000079d0       ?do_encoding@codecvt_base@std@@MEBAHXZ 00000001800089d0 f i libcpmt:cout.obj
 0001:000079d0       ?do_max_length@codecvt_base@std@@MEBAHXZ 00000001800089d0 f i libcpmt:cout.obj
 0001:000079d8       ?do_unshift@?$codecvt@DDU_Mbstatet@@@std@@MEBAHAEAU_Mbstatet@@PEAD1AEAPEAD@Z 00000001800089d8 f i libcpmt:cout.obj
 0001:000079e4       ?imbue@?$basic_filebuf@DU?$char_traits@D@std@@@std@@MEAAXAEBVlocale@2@@Z 00000001800089e4 f i libcpmt:cout.obj
 0001:00007a08       ?overflow@?$basic_filebuf@DU?$char_traits@D@std@@@std@@MEAAHH@Z 0000000180008a08 f i libcpmt:cout.obj
 0001:00007c68       ?pbackfail@?$basic_streambuf@DU?$char_traits@D@std@@@std@@MEAAHH@Z 0000000180008c68 f i libcpmt:cout.obj
 0001:00007c68       ?overflow@?$basic_streambuf@DU?$char_traits@D@std@@@std@@MEAAHH@Z 0000000180008c68 f i libcpmt:cout.obj
 0001:00007c68       ?underflow@?$basic_streambuf@DU?$char_traits@D@std@@@std@@MEAAHXZ 0000000180008c68 f i libcpmt:cout.obj
 0001:00007c6c       ?pbackfail@?$basic_filebuf@DU?$char_traits@D@std@@@std@@MEAAHH@Z 0000000180008c6c f i libcpmt:cout.obj
 0001:00007d3c       ?seekoff@?$basic_filebuf@DU?$char_traits@D@std@@@std@@MEAA?AV?$fpos@U_Mbstatet@@@2@_JHH@Z 0000000180008d3c f i libcpmt:cout.obj
 0001:00007e28       ?seekoff@?$basic_streambuf@DU?$char_traits@D@std@@@std@@MEAA?AV?$fpos@U_Mbstatet@@@2@_JHH@Z 0000000180008e28 f i libcpmt:cout.obj
 0001:00007e28       ?seekpos@?$basic_streambuf@DU?$char_traits@D@std@@@std@@MEAA?AV?$fpos@U_Mbstatet@@@2@V32@H@Z 0000000180008e28 f i libcpmt:cout.obj
 0001:00007e44       ?seekpos@?$basic_filebuf@DU?$char_traits@D@std@@@std@@MEAA?AV?$fpos@U_Mbstatet@@@2@V32@H@Z 0000000180008e44 f i libcpmt:cout.obj
 0001:00007f44       ?setbuf@?$basic_filebuf@DU?$char_traits@D@std@@@std@@MEAAPEAV?$basic_streambuf@DU?$char_traits@D@std@@@2@PEAD_J@Z 0000000180008f44 f i libcpmt:cout.obj
 0001:00007f98       ?setbuf@?$basic_streambuf@DU?$char_traits@D@std@@@std@@MEAAPEAV12@PEAD_J@Z 0000000180008f98 f i libcpmt:cout.obj
 0001:00007f9c       ?sync@?$basic_filebuf@DU?$char_traits@D@std@@@std@@MEAAHXZ 0000000180008f9c f i libcpmt:cout.obj
 0001:00007ffc       ?sync@?$basic_streambuf@DU?$char_traits@D@std@@@std@@MEAAHXZ 0000000180008ffc f i libcpmt:cout.obj
 0001:00007ffc       ?showmanyc@?$basic_streambuf@DU?$char_traits@D@std@@@std@@MEAA_JXZ 0000000180008ffc f i libcpmt:cout.obj
 0001:00008000       ?uflow@?$basic_filebuf@DU?$char_traits@D@std@@@std@@MEAAHXZ 0000000180009000 f i libcpmt:cout.obj
 0001:00008298       ?uflow@?$basic_streambuf@DU?$char_traits@D@std@@@std@@MEAAHXZ 0000000180009298 f i libcpmt:cout.obj
 0001:000082e4       ?underflow@?$basic_filebuf@DU?$char_traits@D@std@@@std@@MEAAHXZ 00000001800092e4 f i libcpmt:cout.obj
 0001:0000835c       ?what@exception@std@@UEBAPEBDXZ 000000018000935c f i libcpmt:cout.obj
 0001:00008370       ?xsgetn@?$basic_streambuf@DU?$char_traits@D@std@@@std@@MEAA_JPEAD_J@Z 0000000180009370 f i libcpmt:cout.obj
 0001:00008430       ?xsputn@?$basic_streambuf@DU?$char_traits@D@std@@@std@@MEAA_JPEBD_J@Z 0000000180009430 f i libcpmt:cout.obj
 0001:000084f4       ??4?$_Yarn@D@std@@QEAAAEAV01@PEBD@Z 00000001800094f4 f i libcpmt:locale0.obj
 0001:0000856c       ??_G_Fac_node@std@@QEAAPEAXI@Z 000000018000956c f i libcpmt:locale0.obj
 0001:000085f8       ??_G_Locimp@locale@std@@MEAAPEAXI@Z 00000001800095f8 f i libcpmt:locale0.obj
 0001:000085f8       ??_E_Locimp@locale@std@@MEAAPEAXI@Z 00000001800095f8 f i libcpmt:locale0.obj
 0001:00008664       ?_Facet_Register@std@@YAXPEAV_Facet_base@1@@Z 0000000180009664 f   libcpmt:locale0.obj
 0001:0000869c       ?_Getgloballocale@locale@std@@CAPEAV_Locimp@12@XZ 000000018000969c f   libcpmt:locale0.obj
 0001:000086a4       ?_Init@locale@std@@CAPEAV_Locimp@12@_N@Z 00000001800096a4 f   libcpmt:locale0.obj
 0001:00008760       ?_Locimp_dtor@_Locimp@locale@std@@CAXPEAV123@@Z 0000000180009760 f   libcpmt:locale0.obj
 0001:00008808       ?_Locinfo_ctor@_Locinfo@std@@SAXPEAV12@PEBD@Z 0000000180009808 f   libcpmt:locale0.obj
 0001:00008874       ?_Locinfo_dtor@_Locinfo@std@@SAXPEAV12@@Z 0000000180009874 f   libcpmt:locale0.obj
 0001:00008898       ?_New_Locimp@_Locimp@locale@std@@CAPEAV123@_N@Z 0000000180009898 f   libcpmt:locale0.obj
 0001:00008908       ?_Setgloballocale@locale@std@@CAXPEAX@Z 0000000180009908 f   libcpmt:locale0.obj
 0001:0000893c       _Deletegloballocale        000000018000993c f   libcpmt:locale0.obj
 0001:000089c4       ??0bad_alloc@std@@QEAA@AEBV01@@Z 00000001800099c4 f i libcpmt:xthrow.obj
 0001:00008a04       ??0bad_alloc@std@@QEAA@XZ  0000000180009a04 f i libcpmt:xthrow.obj
 0001:00008a24       ??0length_error@std@@QEAA@AEBV01@@Z 0000000180009a24 f i libcpmt:xthrow.obj
 0001:00008a64       ??0length_error@std@@QEAA@PEBD@Z 0000000180009a64 f i libcpmt:xthrow.obj
 0001:00008ab0       ??0logic_error@std@@QEAA@AEBV01@@Z 0000000180009ab0 f i libcpmt:xthrow.obj
 0001:00008af0       ??0out_of_range@std@@QEAA@AEBV01@@Z 0000000180009af0 f i libcpmt:xthrow.obj
 0001:00008b30       ??0out_of_range@std@@QEAA@PEBD@Z 0000000180009b30 f i libcpmt:xthrow.obj
 0001:00008b7c       ??_Gbad_exception@std@@UEAAPEAXI@Z 0000000180009b7c f i libvcruntime:frame.obj
 0001:00008b7c       ??_Ebad_array_new_length@std@@UEAAPEAXI@Z 0000000180009b7c f i LIBCMT:throw_bad_alloc.obj
 0001:00008b7c       ??_Gbad_array_new_length@std@@UEAAPEAXI@Z 0000000180009b7c f i LIBCMT:throw_bad_alloc.obj
 0001:00008b7c       ??_Glength_error@std@@UEAAPEAXI@Z 0000000180009b7c f i libcpmt:xthrow.obj
 0001:00008b7c       ??_Gexception@std@@UEAAPEAXI@Z 0000000180009b7c f i libcpmt:cout.obj
 0001:00008b7c       ??_Eexception@std@@UEAAPEAXI@Z 0000000180009b7c f i libcpmt:cout.obj
 0001:00008b7c       ??_Gout_of_range@std@@UEAAPEAXI@Z 0000000180009b7c f i libcpmt:xthrow.obj
 0001:00008b7c       ??_Elogic_error@std@@UEAAPEAXI@Z 0000000180009b7c f i libcpmt:xthrow.obj
 0001:00008b7c       ??_Ebad_exception@std@@UEAAPEAXI@Z 0000000180009b7c f i libvcruntime:frame.obj
 0001:00008b7c       ??_Ebad_cast@std@@UEAAPEAXI@Z 0000000180009b7c f i libcpmt:cout.obj
 0001:00008b7c       ??_Eout_of_range@std@@UEAAPEAXI@Z 0000000180009b7c f i libcpmt:xthrow.obj
 0001:00008b7c       ??_Gbad_cast@std@@UEAAPEAXI@Z 0000000180009b7c f i libcpmt:cout.obj
 0001:00008b7c       ??_Elength_error@std@@UEAAPEAXI@Z 0000000180009b7c f i libcpmt:xthrow.obj
 0001:00008b7c       ??_Glogic_error@std@@UEAAPEAXI@Z 0000000180009b7c f i libcpmt:xthrow.obj
 0001:00008b7c       ??_Gbad_alloc@std@@UEAAPEAXI@Z 0000000180009b7c f i libcpmt:xthrow.obj
 0001:00008b7c       ??_Ebad_alloc@std@@UEAAPEAXI@Z 0000000180009b7c f i libcpmt:xthrow.obj
 0001:00008bc0       ?_Xlength_error@std@@YAXPEBD@Z 0000000180009bc0 f   libcpmt:xthrow.obj
 0001:00008be4       ?_Xout_of_range@std@@YAXPEBD@Z 0000000180009be4 f   libcpmt:xthrow.obj
 0001:00008c08       ?_Syserror_map@std@@YAPEBDH@Z 0000000180009c08 f   libcpmt:syserror.obj
 0001:00008c30       _Getctype                  0000000180009c30 f   libcpmt:_tolower.obj
 0001:00008cf0       _Tolower                   0000000180009cf0 f   libcpmt:_tolower.obj
 0001:00008e18       _Getcvt                    0000000180009e18 f   libcpmt:xwctomb.obj
 0001:00008ea8       _Toupper                   0000000180009ea8 f   libcpmt:_toupper.obj
 0001:00008fe0       _Mtxdst                    0000000180009fe0 f   libcpmt:xmtx.obj
 0001:00008fe8       _Mtxinit                   0000000180009fe8 f   libcpmt:xmtx.obj
 0001:00008ff8       _Mtxlock                   0000000180009ff8 f   libcpmt:xmtx.obj
 0001:00009000       _Mtxunlock                 000000018000a000 f   libcpmt:xmtx.obj
 0001:00009008       ?_Addstd@ios_base@std@@SAXPEAV12@@Z 000000018000a008 f   libcpmt:ios.obj
 0001:00009078       ?_Ios_base_dtor@ios_base@std@@CAXPEAV12@@Z 000000018000a078 f   libcpmt:ios.obj
 0001:000090bc       ?_Tidy@ios_base@std@@AEAAXXZ 000000018000a0bc f i libcpmt:ios.obj
 0001:0000914c       ?_Atexit@@YAXP6AXXZ@Z      000000018000a14c f   libcpmt:iosptrs.obj
 0001:0000918c       __crtLCMapStringA          000000018000a18c f   libcpmt:StlLCMapStringA.obj
 0001:00009948       __crtInitializeCriticalSectionEx 000000018000a948 f   libcpmt:winapisupp.obj
 0001:000099a8       GetTableIndexFromLocaleName 000000018000a9a8 f   libcpmt:winapinls.obj
 0001:00009a34       __crtDownlevelLocaleNameToLCID 000000018000aa34 f   libcpmt:winapinls.obj
 0001:00009a68       __crtLCMapStringEx         000000018000aa68 f   libcpmt:winapinls.obj
 0001:00009b24       __wcsnicmp_ascii           000000018000ab24 f   libcpmt:winapinls.obj
 0001:00009b90       __security_check_cookie    000000018000ab90 f   LIBCMT:_amdsecgs_.obj
 0001:00009bb4       ??_V@YAXPEAX@Z             000000018000abb4 f   LIBCMT:delete_array.obj
 0001:00009bb4       ??3@YAXPEAX_K@Z            000000018000abb4 f   LIBCMT:delete_scalar_size.obj
 0001:00009d04       _Init_thread_footer        000000018000ad04 f   LIBCMT:thread_safe_statics.obj
 0001:00009d64       _Init_thread_header        000000018000ad64 f   LIBCMT:thread_safe_statics.obj
 0001:00009dcc       _Init_thread_notify        000000018000adcc f   LIBCMT:thread_safe_statics.obj
 0001:00009e28       _Init_thread_wait          000000018000ae28 f   LIBCMT:thread_safe_statics.obj
 0001:00009ec0       ??2@YAPEAX_K@Z             000000018000aec0 f   LIBCMT:new_scalar.obj
 0001:00009efc       __scrt_acquire_startup_lock 000000018000aefc f   LIBCMT:utility.obj
 0001:00009f38       __scrt_dllmain_after_initialize_c 000000018000af38 f   LIBCMT:utility.obj
 0001:00009f6c       __scrt_dllmain_before_initialize_c 000000018000af6c f   LIBCMT:utility.obj
 0001:00009f84       __scrt_dllmain_crt_thread_attach 000000018000af84 f   LIBCMT:utility.obj
 0001:00009fac       __scrt_dllmain_crt_thread_detach 000000018000afac f   LIBCMT:utility.obj
 0001:00009fc4       __scrt_dllmain_exception_filter 000000018000afc4 f   LIBCMT:utility.obj
 0001:0000a028       __scrt_dllmain_uninitialize_c 000000018000b028 f   LIBCMT:utility.obj
 0001:0000a058       __scrt_dllmain_uninitialize_critical 000000018000b058 f   LIBCMT:utility.obj
 0001:0000a06c       __scrt_initialize_crt      000000018000b06c f   LIBCMT:utility.obj
 0001:0000a0b8       __scrt_initialize_onexit_tables 000000018000b0b8 f   LIBCMT:utility.obj
 0001:0000a184       __scrt_is_nonwritable_in_current_image 000000018000b184 f   LIBCMT:utility.obj
 0001:0000a220       __scrt_release_startup_lock 000000018000b220 f   LIBCMT:utility.obj
 0001:0000a244       __scrt_uninitialize_crt    000000018000b244 f   LIBCMT:utility.obj
 0001:0000a270       _onexit                    000000018000b270 f   LIBCMT:utility.obj
 0001:0000a2c0       atexit                     000000018000b2c0 f   LIBCMT:utility.obj
 0001:0000a2d8       ??3@YAXPEAX@Z              000000018000b2d8 f   LIBCMT:delete_scalar.obj
 0001:0000a2e0       ??_U@YAPEAX_K@Z            000000018000b2e0 f   LIBCMT:new_array.obj
 0001:0000a634       _DllMainCRTStartup         000000018000b634 f   LIBCMT:dll_dllmain.obj
 0001:0000a674       __GSHandlerCheck           000000018000b674 f   LIBCMT:_gshandler_.obj
 0001:0000a694       __GSHandlerCheckCommon     000000018000b694 f   LIBCMT:_gshandler_.obj
 0001:0000a6f0       __GSHandlerCheck_EH        000000018000b6f0 f   LIBCMT:gshandlereh.obj
 0001:0000a770       _guard_check_icall         000000018000b770 f i LIBCMT:checkcfg.obj
 0001:0000a778       ??_Gtype_info@@UEAAPEAXI@Z 000000018000b778 f i LIBCMT:std_type_info_static.obj
 0001:0000a778       ??_Etype_info@@UEAAPEAXI@Z 000000018000b778 f i LIBCMT:std_type_info_static.obj
 0001:0000a7c0       __chkstk                   000000018000b7c0 f   LIBCMT:_chkstk_.obj
 0001:0000a7c0       _alloca_probe              000000018000b7c0 f   LIBCMT:_chkstk_.obj
 0001:0000a814       __raise_securityfailure    000000018000b814 f   LIBCMT:gs_report.obj
 0001:0000a848       __report_gsfailure         000000018000b848 f   LIBCMT:gs_report.obj
 0001:0000a91c       __report_rangecheckfailure 000000018000b91c f   LIBCMT:gs_report.obj
 0001:0000a930       __report_securityfailure   000000018000b930 f   LIBCMT:gs_report.obj
 0001:0000aab0       __crt_debugger_hook        000000018000bab0 f   LIBCMT:utility_desktop.obj
 0001:0000aab8       __scrt_fastfail            000000018000bab8 f   LIBCMT:utility_desktop.obj
 0001:0000ac00       ??0bad_array_new_length@std@@QEAA@AEBV01@@Z 000000018000bc00 f i LIBCMT:throw_bad_alloc.obj
 0001:0000ac40       ??0bad_array_new_length@std@@QEAA@XZ 000000018000bc40 f i LIBCMT:throw_bad_alloc.obj
 0001:0000ac60       ?__scrt_throw_std_bad_alloc@@YAXXZ 000000018000bc60 f   LIBCMT:throw_bad_alloc.obj
 0001:0000ac60       ?_Xbad_alloc@std@@YAXXZ    000000018000bc60 f   libcpmt:xthrow.obj
 0001:0000ac80       ?__scrt_throw_std_bad_array_new_length@@YAXXZ 000000018000bc80 f   LIBCMT:throw_bad_alloc.obj
 0001:0000aca0       __isa_available_init       000000018000bca0 f   LIBCMT:_cpu_disp_.obj
 0001:0000ae68       __scrt_is_ucrt_dll_in_use  000000018000be68 f   LIBCMT:ucrt_detection.obj
 0001:0000ae74       __security_init_cookie     000000018000be74 f   LIBCMT:gs_support.obj
 0001:0000af20       ?__scrt_initialize_type_info@@YAXXZ 000000018000bf20 f   LIBCMT:tncleanup.obj
 0001:0000af30       ?__scrt_uninitialize_type_info@@YAXXZ 000000018000bf30 f   LIBCMT:tncleanup.obj
 0001:0000af3c       __local_stdio_scanf_options 000000018000bf3c f i LIBCMT:default_local_stdio_options.obj
 0001:0000af44       __scrt_initialize_default_local_stdio_options 000000018000bf44 f   LIBCMT:default_local_stdio_options.obj
 0001:0000af60       __scrt_get_dyn_tls_init_callback 000000018000bf60 f   LIBCMT:dyn_tls_init.obj
 0001:0000af68       _RTC_Initialize            000000018000bf68 f   LIBCMT:_initsect_.obj
 0001:0000afb4       _RTC_Terminate             000000018000bfb4 f   LIBCMT:_initsect_.obj
 0001:0000b010       memcpy                     000000018000c010 f   libvcruntime:memcpy.obj
 0001:0000b010       memmove                    000000018000c010 f   libvcruntime:memcpy.obj
 0001:0000b448       _purecall                  000000018000c448 f   libvcruntime:purevirt.obj
 0001:0000b484       __DestructExceptionObject  000000018000c484 f   libvcruntime:frame.obj
 0001:0000b50c       ??0bad_exception@std@@QEAA@AEBV01@@Z 000000018000c50c f i libvcruntime:frame.obj
 0001:0000b54c       ??0bad_exception@std@@QEAA@XZ 000000018000c54c f i libvcruntime:frame.obj
 0001:0000b56c       ??1bad_cast@std@@UEAA@XZ   000000018000c56c f i libcpmt:cout.obj
 0001:0000b56c       ??1out_of_range@std@@UEAA@XZ 000000018000c56c f i libcpmt:xthrow.obj
 0001:0000b56c       ??1bad_alloc@std@@UEAA@XZ  000000018000c56c f i libcpmt:xthrow.obj
 0001:0000b56c       ??1bad_exception@std@@UEAA@XZ 000000018000c56c f i libvcruntime:frame.obj
 0001:0000b56c       ??1bad_array_new_length@std@@UEAA@XZ 000000018000c56c f i LIBCMT:throw_bad_alloc.obj
 0001:0000b56c       ??1length_error@std@@UEAA@XZ 000000018000c56c f i libcpmt:xthrow.obj
 0001:0000bedc       ?_CallMemberFunction0@@YAXPEAXP6AX0@Z@Z 000000018000cedc f i libvcruntime:frame.obj
 0001:0000bee0       ?_CallMemberFunction1@@YAXPEAXP6AX0@Z0@Z 000000018000cee0 f i libvcruntime:frame.obj
 0001:0000beec       ?_CallMemberFunction2@@YAXPEAXP6AX0@Z0H@Z 000000018000ceec f i libvcruntime:frame.obj
 0001:0000befc       __AdjustPointer            000000018000cefc f   libvcruntime:frame.obj
 0001:0000bf20       __BuildCatchObject         000000018000cf20 f   libvcruntime:frame.obj
 0001:0000bfe4       __BuildCatchObjectHelper   000000018000cfe4 f   libvcruntime:frame.obj
 0001:0000c1c4       __CxxCallCatchBlock        000000018000d1c4 f   libvcruntime:frame.obj
 0001:0000c3b0       __FrameUnwindFilter        000000018000d3b0 f   libvcruntime:frame.obj
 0001:0000c3fc       __FrameUnwindToState       000000018000d3fc f   libvcruntime:frame.obj
 0001:0000c590       __InternalCxxFrameHandler  000000018000d590 f   libvcruntime:frame.obj
 0001:0000c7e8       __TypeMatch                000000018000d7e8 f   libvcruntime:frame.obj
 0001:0000c928       __std_terminate            000000018000d928 f   libvcruntime:frame.obj
 0001:0000c934       __std_exception_copy       000000018000d934 f   libvcruntime:std_exception.obj
 0001:0000c9c4       __std_exception_destroy    000000018000d9c4 f   libvcruntime:std_exception.obj
 0001:0000c9ec       _CxxThrowException         000000018000d9ec f   libvcruntime:throw.obj
 0001:0000cac4       ?_ExecutionInCatch@@YAHPEAU_xDISPATCHER_CONTEXT@@PEBU_s_FuncInfo@@@Z 000000018000dac4 f   libvcruntime:trnsctrl.obj
 0001:0000cb38       ?_GetEstablisherFrame@@YAPEA_KPEA_KPEAU_xDISPATCHER_CONTEXT@@PEBU_s_FuncInfo@@0@Z 000000018000db38 f   libvcruntime:trnsctrl.obj
 0001:0000cc04       ?_GetRangeOfTrysToCheck@@YAPEBU_s_TryBlockMapEntry@@PEA_KPEBU_s_FuncInfo@@HHPEAI2PEAU_xDISPATCHER_CONTEXT@@@Z 000000018000dc04 f   libvcruntime:trnsctrl.obj
 0001:0000cd30       ?__FrameUnwindToEmptyState@@YAXPEA_KPEAU_xDISPATCHER_CONTEXT@@PEBU_s_FuncInfo@@@Z 000000018000dd30 f   libvcruntime:trnsctrl.obj
 0001:0000cdc4       ?__SehTransFilter@@YAHPEAU_EXCEPTION_POINTERS@@PEAUEHExceptionRecord@@PEA_KPEAU_CONTEXT@@PEAU_xDISPATCHER_CONTEXT@@PEBU_s_FuncInfo@@PEAH@Z 000000018000ddc4 f   libvcruntime:trnsctrl.obj
 0001:0000ce5c       _CallSETranslator          000000018000de5c f   libvcruntime:trnsctrl.obj
 0001:0000ceb4       _CreateFrameInfo           000000018000deb4 f   libvcruntime:trnsctrl.obj
 0001:0000cef0       _FindAndUnlinkFrame        000000018000def0 f   libvcruntime:trnsctrl.obj
 0001:0000cf48       _GetImageBase              000000018000df48 f   libvcruntime:trnsctrl.obj
 0001:0000cf5c       _GetThrowImageBase         000000018000df5c f   libvcruntime:trnsctrl.obj
 0001:0000cf70       _IsExceptionObjectToBeDestroyed 000000018000df70 f   libvcruntime:trnsctrl.obj
 0001:0000cfa0       _SetImageBase              000000018000dfa0 f   libvcruntime:trnsctrl.obj
 0001:0000cfb8       _SetThrowImageBase         000000018000dfb8 f   libvcruntime:trnsctrl.obj
 0001:0000cfd0       _UnwindNestedFrames        000000018000dfd0 f   libvcruntime:trnsctrl.obj
 0001:0000d0f4       __CxxFrameHandler3         000000018000e0f4 f   libvcruntime:trnsctrl.obj
 0001:0000d190       memset                     000000018000e190 f   libvcruntime:memset.obj
 0001:0000d340       memcmp                     000000018000e340 f   libvcruntime:memcmp.obj
 0001:0000d5d0       __vcrt_FlsAlloc            000000018000e5d0 f   libvcruntime:winapi_downlevel.obj
 0001:0000d624       __vcrt_FlsFree             000000018000e624 f   libvcruntime:winapi_downlevel.obj
 0001:0000d678       __vcrt_FlsGetValue         000000018000e678 f   libvcruntime:winapi_downlevel.obj
 0001:0000d6cc       __vcrt_FlsSetValue         000000018000e6cc f   libvcruntime:winapi_downlevel.obj
 0001:0000d734       __vcrt_InitializeCriticalSectionEx 000000018000e734 f   libvcruntime:winapi_downlevel.obj
 0001:0000d7ac       __vcrt_initialize_winapi_thunks 000000018000e7ac f   libvcruntime:winapi_downlevel.obj
 0001:0000d7f8       __vcrt_uninitialize_winapi_thunks 000000018000e7f8 f   libvcruntime:winapi_downlevel.obj
 0001:0000d838       __vcrt_initialize          000000018000e838 f   libvcruntime:initialization.obj
 0001:0000d86c       __vcrt_thread_attach       000000018000e86c f   libvcruntime:initialization.obj
 0001:0000d880       __vcrt_thread_detach       000000018000e880 f   libvcruntime:initialization.obj
 0001:0000d894       __vcrt_uninitialize        000000018000e894 f   libvcruntime:initialization.obj
 0001:0000d8b4       __vcrt_uninitialize_critical 000000018000e8b4 f   libvcruntime:initialization.obj
 0001:0000d8c4       __C_specific_handler       000000018000e8c4 f   libvcruntime:_chandler_.obj
 0001:0000dac0       __std_type_info_compare    000000018000eac0 f   libvcruntime:std_type_info.obj
 0001:0000dae8       __std_type_info_destroy_list 000000018000eae8 f   libvcruntime:std_type_info.obj
 0001:0000db14       __vcrt_initialize_pure_virtual_call_handler 000000018000eb14 f   libvcruntime:purevirt_data.obj
 0001:0000db38       __vcrt_freefls             000000018000eb38 f   libvcruntime:per_thread_data.obj
 0001:0000db58       __vcrt_freeptd             000000018000eb58 f   libvcruntime:per_thread_data.obj
 0001:0000dba8       __vcrt_getptd              000000018000eba8 f   libvcruntime:per_thread_data.obj
 0001:0000dbc4       __vcrt_getptd_noexit       000000018000ebc4 f   libvcruntime:per_thread_data.obj
 0001:0000dc7c       __vcrt_initialize_ptd      000000018000ec7c f   libvcruntime:per_thread_data.obj
 0001:0000dcbc       __vcrt_uninitialize_ptd    000000018000ecbc f   libvcruntime:per_thread_data.obj
 0001:0000dce0       ?__GetCurrentState@@YAHPEA_KPEAU_xDISPATCHER_CONTEXT@@PEBU_s_FuncInfo@@@Z 000000018000ece0 f   libvcruntime:ehstate.obj
 0001:0000dd08       ?__GetUnwindTryBlock@@YAHPEA_KPEAU_xDISPATCHER_CONTEXT@@PEBU_s_FuncInfo@@@Z 000000018000ed08 f   libvcruntime:ehstate.obj
 0001:0000dd34       ?__SetState@@YAXPEA_KPEAU_xDISPATCHER_CONTEXT@@PEBU_s_FuncInfo@@H@Z 000000018000ed34 f   libvcruntime:ehstate.obj
 0001:0000dd40       ?__SetUnwindTryBlock@@YAXPEA_KPEAU_xDISPATCHER_CONTEXT@@PEBU_s_FuncInfo@@H@Z 000000018000ed40 f   libvcruntime:ehstate.obj
 0001:0000dd7c       ?__StateFromControlPc@@YAHPEBU_s_FuncInfo@@PEAU_xDISPATCHER_CONTEXT@@@Z 000000018000ed7c f   libvcruntime:ehstate.obj
 0001:0000dd84       ?__StateFromIp@@YAHPEBU_s_FuncInfo@@PEAU_xDISPATCHER_CONTEXT@@_J@Z 000000018000ed84 f   libvcruntime:ehstate.obj
 0001:0000de00       _CallSettingFrame          000000018000ee00 f   libvcruntime:handlers.obj
 0001:0000de50       _local_unwind              000000018000ee50 f   libvcruntime:_jmpuwind_.obj
 0001:0000de80       _NLG_Notify                000000018000ee80 f   libvcruntime:_jmpuwind_.obj
 0001:0000dea0       __NLG_Dispatch2            000000018000eea0 f   libvcruntime:_jmpuwind_.obj
 0001:0000deb0       __NLG_Return2              000000018000eeb0 f   libvcruntime:_jmpuwind_.obj
 0001:0000deb4       __vcrt_initialize_locks    000000018000eeb4 f   libvcruntime:locks.obj
 0001:0000defc       __vcrt_uninitialize_locks  000000018000eefc f   libvcruntime:locks.obj
 0001:0000df34       strtok                     000000018000ef34 f   libucrt:strtok.obj
 0001:0000df64       abort                      000000018000ef64 f   libucrt:abort.obj
 0001:0000dfbc       calloc                     000000018000efbc f   libucrt:calloc.obj
 0001:0000dfc4       __acrt_call_reportfault    000000018000efc4 f   libucrt:invalid_parameter.obj
 0001:0000e120       __acrt_initialize_invalid_parameter_handler 000000018000f120 f   libucrt:invalid_parameter.obj
 0001:0000e128       _invalid_parameter         000000018000f128 f   libucrt:invalid_parameter.obj
 0001:0000e1d0       _invalid_parameter_noinfo  000000018000f1d0 f   libucrt:invalid_parameter.obj
 0001:0000e1f0       _invalid_parameter_noinfo_noreturn 000000018000f1f0 f   libucrt:invalid_parameter.obj
 0001:0000e220       _invoke_watson             000000018000f220 f   libucrt:invalid_parameter.obj
 0001:0000e268       strcspn                    000000018000f268 f   libucrt:strcspn.obj
 0001:0000e4b0       ??$ensure_buffer_is_big_enough@D@formatting_buffer@__crt_stdio_output@@QEAA_N_K@Z 000000018000f4b0 f i libucrt:output.obj
 0001:0000e55c       ??$is_wide_character_specifier@D@__crt_stdio_output@@YA_N_KDW4length_modifier@0@@Z 000000018000f55c f i libucrt:output.obj
 0001:0000e58c       ??$type_case_integer_parse_into_buffer@I@?$output_processor@DV?$string_output_adapter@D@__crt_stdio_output@@V?$format_validation_base@DV?$string_output_adapter@D@__crt_stdio_output@@@2@@__crt_stdio_output@@AEAAXII_N@Z 000000018000f58c f i libucrt:output.obj
 0001:0000e628       ??$type_case_integer_parse_into_buffer@_K@?$output_processor@DV?$string_output_adapter@D@__crt_stdio_output@@V?$format_validation_base@DV?$string_output_adapter@D@__crt_stdio_output@@@2@@__crt_stdio_output@@AEAAX_KI_N@Z 000000018000f628 f i libucrt:output.obj
 0001:0000e6c4       ??$write_multiple_characters@V?$string_output_adapter@D@__crt_stdio_output@@D@__crt_stdio_output@@YAXAEBV?$string_output_adapter@D@0@DHQEAH@Z 000000018000f6c4 f i libucrt:output.obj
 0001:0000e720       ??0?$output_processor@DV?$string_output_adapter@D@__crt_stdio_output@@V?$format_validation_base@DV?$string_output_adapter@D@__crt_stdio_output@@@2@@__crt_stdio_output@@QEAA@AEBV?$string_output_adapter@D@1@_KQEBDQEAU__crt_locale_pointers@@QEAD@Z 000000018000f720 f i libucrt:output.obj
 0001:0000e79c       ??0_LocaleUpdate@@QEAA@QEAU__crt_locale_pointers@@@Z 000000018000f79c f i libucrt:output.obj
 0001:0000e82c       ?force_decimal_point@__crt_stdio_output@@YAXPEADQEAU__crt_locale_pointers@@@Z 000000018000f82c f i libucrt:output.obj
 0001:0000e89c       ?parse_int_from_format_string@?$output_processor@DV?$string_output_adapter@D@__crt_stdio_output@@V?$format_validation_base@DV?$string_output_adapter@D@__crt_stdio_output@@@2@@__crt_stdio_output@@AEAA_NQEAH@Z 000000018000f89c f i libucrt:output.obj
 0001:0000e920       ?process@?$output_processor@DV?$string_output_adapter@D@__crt_stdio_output@@V?$format_validation_base@DV?$string_output_adapter@D@__crt_stdio_output@@@2@@__crt_stdio_output@@QEAAHXZ 000000018000f920 f i libucrt:output.obj
 0001:0000eb34       ?state_case_normal@?$output_processor@DV?$string_output_adapter@D@__crt_stdio_output@@V?$format_validation_base@DV?$string_output_adapter@D@__crt_stdio_output@@@2@@__crt_stdio_output@@AEAA_NXZ 000000018000fb34 f i libucrt:output.obj
 0001:0000eba8       ?state_case_normal_tchar@?$output_processor@DV?$string_output_adapter@D@__crt_stdio_output@@V?$format_validation_base@DV?$string_output_adapter@D@__crt_stdio_output@@@2@@__crt_stdio_output@@AEAA_ND@Z 000000018000fba8 f i libucrt:output.obj
 0001:0000ec40       ?state_case_size@?$output_processor@DV?$string_output_adapter@D@__crt_stdio_output@@V?$format_validation_base@DV?$string_output_adapter@D@__crt_stdio_output@@@2@@__crt_stdio_output@@AEAA_NXZ 000000018000fc40 f i libucrt:output.obj
 0001:0000edbc       ?state_case_type@?$output_processor@DV?$string_output_adapter@D@__crt_stdio_output@@V?$format_validation_base@DV?$string_output_adapter@D@__crt_stdio_output@@@2@@__crt_stdio_output@@AEAA_NXZ 000000018000fdbc f i libucrt:output.obj
 0001:0000f038       ?type_case_Z@?$output_processor@DV?$string_output_adapter@D@__crt_stdio_output@@V?$format_validation_base@DV?$string_output_adapter@D@__crt_stdio_output@@@2@@__crt_stdio_output@@AEAA_NXZ 0000000180010038 f i libucrt:output.obj
 0001:0000f0b8       ?type_case_a@?$output_processor@DV?$string_output_adapter@D@__crt_stdio_output@@V?$format_validation_base@DV?$string_output_adapter@D@__crt_stdio_output@@@2@@__crt_stdio_output@@AEAA_NXZ 00000001800100b8 f i libucrt:output.obj
 0001:0000f2d4       ?type_case_c_tchar@?$output_processor@DV?$string_output_adapter@D@__crt_stdio_output@@V?$format_validation_base@DV?$string_output_adapter@D@__crt_stdio_output@@@2@@__crt_stdio_output@@AEAA_ND@Z 00000001800102d4 f i libucrt:output.obj
 0001:0000f388       ?type_case_integer@?$output_processor@DV?$string_output_adapter@D@__crt_stdio_output@@V?$format_validation_base@DV?$string_output_adapter@D@__crt_stdio_output@@@2@@__crt_stdio_output@@AEAA_NI_N@Z 0000000180010388 f i libucrt:output.obj
 0001:0000f528       ?type_case_n@?$output_processor@DV?$string_output_adapter@D@__crt_stdio_output@@V?$format_validation_base@DV?$string_output_adapter@D@__crt_stdio_output@@@2@@__crt_stdio_output@@AEAA_NXZ 0000000180010528 f i libucrt:output.obj
 0001:0000f604       ?type_case_s@?$output_processor@DV?$string_output_adapter@D@__crt_stdio_output@@V?$format_validation_base@DV?$string_output_adapter@D@__crt_stdio_output@@@2@@__crt_stdio_output@@AEAA_NXZ 0000000180010604 f i libucrt:output.obj
 0001:0000f694       ?write_stored_string_tchar@?$output_processor@DV?$string_output_adapter@D@__crt_stdio_output@@V?$format_validation_base@DV?$string_output_adapter@D@__crt_stdio_output@@@2@@__crt_stdio_output@@AEAA_ND@Z 0000000180010694 f i libucrt:output.obj
 0001:0000f76c       ?write_string@?$string_output_adapter@D@__crt_stdio_output@@QEBAXQEBDHQEAH1@Z 000000018001076c f i libucrt:output.obj
 0001:0000f828       __stdio_common_vsprintf_s  0000000180010828 f   libucrt:output.obj
 0001:0000f88c       localeconv                 000000018001088c f   libucrt:localeconv.obj
 0001:0000f8c0       free                       00000001800108c0 f   libucrt:free.obj
 0001:0000f8c8       ??$is_overflow_condition@K@__crt_strtox@@YA_NIK@Z 00000001800108c8 f i libucrt:atox.obj
 0001:0000f8f4       ??$make_c_string_character_source@DPEAPEAD@__crt_strtox@@YA?AV?$c_string_character_source@D@0@QEBDQEAPEAD@Z 00000001800108f4 f i libucrt:strtod.obj
 0001:0000f8f4       ??$make_c_string_character_source@D$$T@__crt_strtox@@YA?AV?$c_string_character_source@D@0@QEBD$$T@Z 00000001800108f4 f i libucrt:atox.obj
 0001:0000f8f4       ??$make_c_string_character_source@_W$$T@__crt_strtox@@YA?AV?$c_string_character_source@_W@0@QEB_W$$T@Z 00000001800108f4 f i libucrt:atox.obj
 0001:0000f908       ??$parse_integer@KV?$c_string_character_source@D@__crt_strtox@@@__crt_strtox@@YAKQEAU__crt_locale_pointers@@V?$c_string_character_source@D@0@H_N@Z 0000000180010908 f i libucrt:atox.obj
 0001:0000fc1c       ??$parse_integer@KV?$c_string_character_source@_W@__crt_strtox@@@__crt_strtox@@YAKQEAU__crt_locale_pointers@@V?$c_string_character_source@_W@0@H_N@Z 0000000180010c1c f i libucrt:atox.obj
 0001:000102f0       _wtol                      00000001800112f0 f   libucrt:atox.obj
 0001:0001031c       atoi                       000000018001131c f   libucrt:atox.obj
 0001:00010348       frexp                      0000000180011348 f   libucrt:frexp.obj
 0001:00010440       malloc                     0000000180011440 f   libucrt:malloc.obj
 0001:00010448       __ascii_stricmp            0000000180011448 f   libucrt:stricmp.obj
 0001:00010484       _stricmp                   0000000180011484 f   libucrt:stricmp.obj
 0001:000104cc       _stricmp_l                 00000001800114cc f   libucrt:stricmp.obj
 0001:00010580       __acrt_initialize_locks    0000000180011580 f   libucrt:locks.obj
 0001:000105c8       __acrt_lock                00000001800115c8 f   libucrt:locks.obj
 0001:000105e4       __acrt_uninitialize_locks  00000001800115e4 f   libucrt:locks.obj
 0001:0001061c       __acrt_unlock              000000018001161c f   libucrt:locks.obj
 0001:00010638       _lock_locales              0000000180011638 f   libucrt:locks.obj
 0001:00010648       _unlock_locales            0000000180011648 f   libucrt:locks.obj
 0001:00010658       __acrt_errno_from_os_error 0000000180011658 f   libucrt:errno.obj
 0001:000106a0       __acrt_errno_map_os_error  00000001800116a0 f   libucrt:errno.obj
 0001:000106f0       __doserrno                 00000001800116f0 f   libucrt:errno.obj
 0001:00010710       _errno                     0000000180011710 f   libucrt:errno.obj
 0001:00010730       __acrt_initialize_stdio    0000000180011730 f   libucrt:_file.obj
 0001:00010850       __acrt_iob_func            0000000180011850 f   libucrt:_file.obj
 0001:00010864       __acrt_uninitialize_stdio  0000000180011864 f   libucrt:_file.obj
 0001:000108c0       _get_stream_buffer_pointers 00000001800118c0 f   libucrt:_file.obj
 0001:00010908       _lock_file                 0000000180011908 f   libucrt:_file.obj
 0001:00010914       _unlock_file               0000000180011914 f   libucrt:_file.obj
 0001:00010920       _fclose_nolock             0000000180011920 f   libucrt:fclose.obj
 0001:000109a4       fclose                     00000001800119a4 f   libucrt:fclose.obj
 0001:00010a10       __acrt_stdio_flush_nolock  0000000180011a10 f   libucrt:fflush.obj
 0001:00010a88       _fflush_nolock             0000000180011a88 f   libucrt:fflush.obj
 0001:00010ad4       _flushall                  0000000180011ad4 f   libucrt:fflush.obj
 0001:00010bc4       fflush                     0000000180011bc4 f   libucrt:fflush.obj
 0001:00010c08       _fgetc_nolock              0000000180011c08 f   libucrt:fgetc.obj
 0001:00010c4c       fgetc                      0000000180011c4c f   libucrt:fgetc.obj
 0001:00010d50       fgetpos                    0000000180011d50 f   libucrt:fgetpos.obj
 0001:00010d9c       fputc                      0000000180011d9c f   libucrt:fputc.obj
 0001:00010ebc       fsetpos                    0000000180011ebc f   libucrt:fsetpos.obj
 0001:00011168       _fseeki64                  0000000180012168 f   libucrt:fseek.obj
 0001:00011170       ??$?RV<lambda_5d4c3fee44080f75d5d9762853974fe0>@@AEAV<lambda_532e024f4337e6fc7ad266c2bef9f4ed>@@V<lambda_c87bdc10097eb2402edb8ba9bdf0697b>@@@?$__crt_seh_guarded_call@_K@@QEAA_K$$QEAV<lambda_5d4c3fee44080f75d5d9762853974fe0>@@AEAV<lambda_532e024f4337e6fc7ad266c2bef9f4ed>@@$$QEAV<lambda_c87bdc10097eb2402edb8ba9bdf0697b>@@@Z 0000000180012170 f i libucrt:fwrite.obj
 0001:00011214       _fwrite_nolock             0000000180012214 f   libucrt:fwrite.obj
 0001:000113b0       fwrite                     00000001800123b0 f   libucrt:fwrite.obj
 0001:00011434       ??$?RV<lambda_7a5ef57ff966f610505f1d28a3d40618>@@AEAV<lambda_b721fa326cdb32351d23dfa67958c160>@@V<lambda_5e0fb27672408a07956fe59e48ccb2aa>@@@?$__crt_seh_guarded_call@H@@QEAAH$$QEAV<lambda_7a5ef57ff966f610505f1d28a3d40618>@@AEAV<lambda_b721fa326cdb32351d23dfa67958c160>@@$$QEAV<lambda_5e0fb27672408a07956fe59e48ccb2aa>@@@Z 0000000180012434 f i libucrt:setvbuf.obj
 0001:00011564       setvbuf                    0000000180012564 f   libucrt:setvbuf.obj
 0001:00011604       _ungetc_nolock             0000000180012604 f   libucrt:ungetc.obj
 0001:00011714       ungetc                     0000000180012714 f   libucrt:ungetc.obj
 0001:0001185c       setlocale                  000000018001285c f   libucrt:setlocale.obj
 0001:00011a28       _calloc_base               0000000180012a28 f   libucrt:calloc_base.obj
 0001:00011aa0       __pctype_func              0000000180012aa0 f   libucrt:ctype.obj
 0001:00011ad0       isdigit                    0000000180012ad0 f i libucrt:_ctype.obj
 0001:00011b44       islower                    0000000180012b44 f i libucrt:_ctype.obj
 0001:00011bb8       isupper                    0000000180012bb8 f i libucrt:_ctype.obj
 0001:00011c2c       _wcsdup                    0000000180012c2c f   libucrt:wcsdup.obj
 0001:00011cb0       ___lc_codepage_func        0000000180012cb0 f   libucrt:initctype.obj
 0001:00011ce0       ___lc_locale_name_func     0000000180012ce0 f   libucrt:initctype.obj
 0001:00011d14       ___mb_cur_max_func         0000000180012d14 f   libucrt:initctype.obj
 0001:00011d44       __acrt_locale_initialize_ctype 0000000180012d44 f   libucrt:initctype.obj
 0001:00012390       _ismbblead                 0000000180013390 f   libucrt:ismbbyte.obj
 0001:000123a4       _malloc_base               00000001800133a4 f   libucrt:malloc_base.obj
 0001:00012404       _realloc_base              0000000180013404 f   libucrt:realloc_base.obj
 0001:00012490       ?divide@__crt_strtox@@YA_KAEAUbig_integer@1@AEBU21@@Z 0000000180013490 f i libucrt:strtod.obj
 0001:00012960       pow                        0000000180013960 f   libucrt:pow.obj
 0001:00014000       powf                       0000000180015000 f   libucrt:powf.obj
 0001:00014ec8       __strncnt                  0000000180015ec8 f   libucrt:strncnt.obj
 0001:00014ee0       _free_base                 0000000180015ee0 f   libucrt:free_base.obj
 0001:00014f70       _tolower_l                 0000000180015f70 f   libucrt:tolower_toupper.obj
 0001:000150b0       tolower                    00000001800160b0 f   libucrt:tolower_toupper.obj
 0001:000150dc       wcscpy_s                   00000001800160dc f   libucrt:wcscpy_s.obj
 0001:00015144       strnlen                    0000000180016144 f   libucrt:strnlen.obj
 0001:000152a0       wcsnlen                    00000001800162a0 f   libucrt:strnlen.obj
 0001:00015490       __acrt_initialize_new_handler 0000000180016490 f   libucrt:new_handler.obj
 0001:00015498       _callnewh                  0000000180016498 f   libucrt:new_handler.obj
 0001:000154d8       _query_new_handler         00000001800164d8 f   libucrt:new_handler.obj
 0001:0001550c       _seh_filter_dll            000000018001650c f   libucrt:exception_filter.obj
 0001:00015520       _seh_filter_exe            0000000180016520 f   libucrt:exception_filter.obj
 0001:000158e0       __acrt_initialize_thread_local_exit_callback 00000001800168e0 f   libucrt:exit.obj
 0001:000158e8       _cexit                     00000001800168e8 f   libucrt:exit.obj
 0001:000158f8       _exit                      00000001800168f8 f   libucrt:exit.obj
 0001:00015904       _is_c_termination_complete 0000000180016904 f   libucrt:exit.obj
 0001:00015ac8       __acrt_allocate_buffer_for_argv 0000000180016ac8 f   libucrt:argv_parsing.obj
 0001:00015b2c       _configure_narrow_argv     0000000180016b2c f   libucrt:argv_parsing.obj
 0001:00015e88       __dcrt_uninitialize_environments_nolock 0000000180016e88 f   libucrt:environment_initialization.obj
 0001:00015ec0       _initialize_narrow_environment 0000000180016ec0 f   libucrt:environment_initialization.obj
 0001:00015ec8       ??$?RV<lambda_b8c45f8f788dd370798f47cfe8ac3a86>@@AEAV<lambda_4e60a939b0d047cfe11ddc22648dfba9>@@V<lambda_332c3edc96d0294ec56c57d38c1cdfd5>@@@?$__crt_seh_guarded_call@H@@QEAAH$$QEAV<lambda_b8c45f8f788dd370798f47cfe8ac3a86>@@AEAV<lambda_4e60a939b0d047cfe11ddc22648dfba9>@@$$QEAV<lambda_332c3edc96d0294ec56c57d38c1cdfd5>@@@Z 0000000180016ec8 f i libucrt:onexit.obj
 0001:00015f04       ??$?RV<lambda_e24bbb7b643b32fcea6fa61b31d4c984>@@AEAV<lambda_275893d493268fdec8709772e3fcec0e>@@V<lambda_9d71df4d7cf3f480f8d633942495c3b0>@@@?$__crt_seh_guarded_call@H@@QEAAH$$QEAV<lambda_e24bbb7b643b32fcea6fa61b31d4c984>@@AEAV<lambda_275893d493268fdec8709772e3fcec0e>@@$$QEAV<lambda_9d71df4d7cf3f480f8d633942495c3b0>@@@Z 0000000180016f04 f i libucrt:onexit.obj
 0001:00016280       _crt_atexit                0000000180017280 f   libucrt:onexit.obj
 0001:00016290       _execute_onexit_table      0000000180017290 f   libucrt:onexit.obj
 0001:000162cc       _initialize_onexit_table   00000001800172cc f   libucrt:onexit.obj
 0001:0001630c       _register_onexit_function  000000018001730c f   libucrt:onexit.obj
 0001:00016488       __acrt_uninitialize_command_line 0000000180017488 f   libucrt:argv_data.obj
 0001:00016488       ?do_always_noconv@?$codecvt@DDU_Mbstatet@@@std@@MEBA_NXZ 0000000180017488 f   libcpmt:cout.obj
 0001:0001648c       __acrt_initialize          000000018001748c f   libucrt:initialization.obj
 0001:000164a0       __acrt_thread_attach       00000001800174a0 f   libucrt:initialization.obj
 0001:000164b4       __acrt_thread_detach       00000001800174b4 f   libucrt:initialization.obj
 0001:000164c4       __acrt_uninitialize        00000001800174c4 f   libucrt:initialization.obj
 0001:000164d8       __acrt_uninitialize_critical 00000001800174d8 f   libucrt:initialization.obj
 0001:000164e8       _initterm                  00000001800174e8 f   libucrt:initterm.obj
 0001:00016560       _initterm_e                0000000180017560 f   libucrt:initterm.obj
 0001:000165ac       terminate                  00000001800175ac f   libucrt:terminate.obj
 0001:000165d4       strcpy_s                   00000001800175d4 f   libucrt:strcpy_s.obj
 0001:00016634       ??$?RV<lambda_46352004c1216016012b18bd6f87e700>@@AEAV<lambda_3bd07e1a1191394380780325891bf33f>@@V<lambda_334532d3f185bcaa59b5be82d7d22bff>@@@?$__crt_seh_guarded_call@X@@QEAAX$$QEAV<lambda_46352004c1216016012b18bd6f87e700>@@AEAV<lambda_3bd07e1a1191394380780325891bf33f>@@$$QEAV<lambda_334532d3f185bcaa59b5be82d7d22bff>@@@Z 0000000180017634 f i libucrt:per_thread_data.obj
 0001:00016694       ??$?RV<lambda_5e887d1dcbef67a5eb4283622ba103bf>@@AEAV<lambda_4466841279450cc726390878d4a41900>@@V<lambda_341c25c0346d94847f1f3c463c57e077>@@@?$__crt_seh_guarded_call@X@@QEAAX$$QEAV<lambda_5e887d1dcbef67a5eb4283622ba103bf>@@AEAV<lambda_4466841279450cc726390878d4a41900>@@$$QEAV<lambda_341c25c0346d94847f1f3c463c57e077>@@@Z 0000000180017694 f i libucrt:per_thread_data.obj
 0001:000166dc       ??$?RV<lambda_72d1df2b273a38828b1ce30cbf4cdab5>@@AEAV<lambda_876a65b173b8412d3a47c70a915b0cf4>@@V<lambda_41932305e351933ebe8f8be3ed8bb5dc>@@@?$__crt_seh_guarded_call@X@@QEAAX$$QEAV<lambda_72d1df2b273a38828b1ce30cbf4cdab5>@@AEAV<lambda_876a65b173b8412d3a47c70a915b0cf4>@@$$QEAV<lambda_41932305e351933ebe8f8be3ed8bb5dc>@@@Z 00000001800176dc f i libucrt:per_thread_data.obj
 0001:0001671c       ??$?RV<lambda_fb3a7dec4e47f37f22dae91bb15c9095>@@AEAV<lambda_698284760c8add0bfb0756c19673e34b>@@V<lambda_dfb8eca1e75fef3034a8fb18dd509707>@@@?$__crt_seh_guarded_call@X@@QEAAX$$QEAV<lambda_fb3a7dec4e47f37f22dae91bb15c9095>@@AEAV<lambda_698284760c8add0bfb0756c19673e34b>@@$$QEAV<lambda_dfb8eca1e75fef3034a8fb18dd509707>@@@Z 000000018001771c f i libucrt:per_thread_data.obj
 0001:000169ac       __acrt_freeptd             00000001800179ac f   libucrt:per_thread_data.obj
 0001:000169f0       __acrt_getptd              00000001800179f0 f   libucrt:per_thread_data.obj
 0001:00016a84       __acrt_getptd_noexit       0000000180017a84 f   libucrt:per_thread_data.obj
 0001:00016b24       __acrt_initialize_ptd      0000000180017b24 f   libucrt:per_thread_data.obj
 0001:00016b60       __acrt_uninitialize_ptd    0000000180017b60 f   libucrt:per_thread_data.obj
 0001:00016b84       __acrt_strtok_s_novalidation 0000000180017b84 f   libucrt:strtok_s.obj
 0001:00016c8c       ??$?RV<lambda_c36588078e9f5dfd39652860aa6b3aaf>@@AEAV<lambda_ec61778202f4f5fc7e7711acc23c3bca>@@V<lambda_dc9d2797ccde5d239b4a0efae8ebd7db>@@@?$__crt_seh_guarded_call@P6AXH@Z@@QEAAP6AXH@Z$$QEAV<lambda_c36588078e9f5dfd39652860aa6b3aaf>@@AEAV<lambda_ec61778202f4f5fc7e7711acc23c3bca>@@$$QEAV<lambda_dc9d2797ccde5d239b4a0efae8ebd7db>@@@Z 0000000180017c8c f i libucrt:signal.obj
 0001:00016cd4       __acrt_get_sigabrt_handler 0000000180017cd4 f   libucrt:signal.obj
 0001:00016d04       __acrt_initialize_signal_handlers 0000000180017d04 f   libucrt:signal.obj
 0001:00016d24       raise                      0000000180017d24 f   libucrt:signal.obj
 0001:00016fc0       strtol                     0000000180017fc0 f   libucrt:strtox.obj
 0001:00016ff0       _mbtowc_l                  0000000180017ff0 f   libucrt:mbtowc.obj
 0001:00017138       mbtowc                     0000000180018138 f   libucrt:mbtowc.obj
 0001:00017140       _wctomb_s_l                0000000180018140 f   libucrt:wctomb.obj
 0001:000172c4       wctomb_s                   00000001800182c4 f   libucrt:wctomb.obj
 0001:000172d8       __acrt_update_locale_info  00000001800182d8 f   libucrt:locale_update.obj
 0001:0001730c       __acrt_update_multibyte_info 000000018001830c f   libucrt:locale_update.obj
 0001:00017340       ?__acrt_fp_classify@@YA?AW4__acrt_fp_class@@AEBN@Z 0000000180018340 f i libucrt:cvt.obj
 0001:00017d78       __acrt_fp_format           0000000180018d78 f   libucrt:cvt.obj
 0001:00017fbc       _fileno                    0000000180018fbc f   libucrt:fileno.obj
 0001:00017fe4       _get_printf_count_output   0000000180018fe4 f   libucrt:printf_count_output.obj
 0001:00017ffc       __acrt_stdio_begin_temporary_buffering_nolock 0000000180018ffc f   libucrt:_sftbuf.obj
 0001:000180cc       __acrt_stdio_end_temporary_buffering_nolock 00000001800190cc f   libucrt:_sftbuf.obj
 0001:00018108       ??$?RV<lambda_5df02c53a8f32f81fd64e5bbb78039f1>@@AEAV<lambda_2af78c5f5901b1372d98f9ab3177dfa6>@@AEAV<lambda_f51fe5fd7c79a33db34fc9310f277369>@@@?$__crt_seh_guarded_call@X@@QEAAX$$QEAV<lambda_5df02c53a8f32f81fd64e5bbb78039f1>@@AEAV<lambda_2af78c5f5901b1372d98f9ab3177dfa6>@@AEAV<lambda_f51fe5fd7c79a33db34fc9310f277369>@@@Z 0000000180019108 f i libucrt:wsetlocale.obj
 0001:00018134       ??$?RV<lambda_d67e8342c384adda8f857579ab50b2ae>@@AEAV<lambda_30712929f77e709619002f448b6a9510>@@V<lambda_4525336fd7e478d965fb7ca7a337cad8>@@@?$__crt_seh_guarded_call@X@@QEAAX$$QEAV<lambda_d67e8342c384adda8f857579ab50b2ae>@@AEAV<lambda_30712929f77e709619002f448b6a9510>@@$$QEAV<lambda_4525336fd7e478d965fb7ca7a337cad8>@@@Z 0000000180019134 f i libucrt:wsetlocale.obj
 0001:00018300       __acrt_copy_locale_name    0000000180019300 f   libucrt:wsetlocale.obj
 0001:00018384       __acrt_set_locale_changed  0000000180019384 f   libucrt:wsetlocale.obj
 0001:00018390       __acrt_uninitialize_locale 0000000180019390 f   libucrt:wsetlocale.obj
 0001:000183d8       __lc_lctowcs               00000001800193d8 f   libucrt:wsetlocale.obj
 0001:0001847c       __lc_wcstolc               000000018001947c f   libucrt:wsetlocale.obj
 0001:000186f4       _expandlocale              00000001800196f4 f   libucrt:wsetlocale.obj
 0001:00018af0       _wcscats                   0000000180019af0 f   libucrt:wsetlocale.obj
 0001:00018b58       _wsetlocale                0000000180019b58 f   libucrt:wsetlocale.obj
 0001:0001958c       __acrt_initialize_lowio    000000018001a58c f   libucrt:ioinit.obj
 0001:000195c8       __acrt_uninitialize_lowio  000000018001a5c8 f   libucrt:ioinit.obj
 0001:00019608       iswctype                   000000018001a608 f   libucrt:iswctype.obj
 0001:00019678       _isctype_l                 000000018001a678 f   libucrt:isctype.obj
 0001:00019788       _dsign                     000000018001a788 f   libucrt:nan.obj
 0001:000197a0       _errcode                   000000018001a7a0 f   libucrt:fpexcept.obj
 0001:000197e4       _except1                   000000018001a7e4 f   libucrt:fpexcept.obj
 0001:000198d8       _handle_exc                000000018001a8d8 f   libucrt:fpexcept.obj
 0001:00019b40       _raise_exc                 000000018001ab40 f   libucrt:fpexcept.obj
 0001:00019b68       _raise_exc_ex              000000018001ab68 f   libucrt:fpexcept.obj
 0001:00019e70       _raise_excf                000000018001ae70 f   libucrt:fpexcept.obj
 0001:00019e9c       _set_errno_from_matherr    000000018001ae9c f   libucrt:fpexcept.obj
 0001:00019ecc       _umatherr                  000000018001aecc f   libucrt:fpexcept.obj
 0001:00019fa0       _decomp                    000000018001afa0 f   libucrt:util.obj
 0001:0001a0d4       _sptype                    000000018001b0d4 f   libucrt:util.obj
 0001:0001a148       _clrfp                     000000018001b148 f   libucrt:fpctrl.obj
 0001:0001a168       _ctrlfp                    000000018001b168 f   libucrt:fpctrl.obj
 0001:0001a1e4       _set_statfp                000000018001b1e4 f   libucrt:fpctrl.obj
 0001:0001a204       _statfp                    000000018001b204 f   libucrt:fpctrl.obj
 0001:0001a25c       ??$?RV<lambda_630b2aca97f6d20d5b5ea6529ea6b6af>@@AEAV<lambda_af91936f1d075d609f72d9d8cba980af>@@V<lambda_e82fa975f615b5c7c7b0e4d178fdae67>@@@?$__crt_seh_guarded_call@H@@QEAAH$$QEAV<lambda_630b2aca97f6d20d5b5ea6529ea6b6af>@@AEAV<lambda_af91936f1d075d609f72d9d8cba980af>@@$$QEAV<lambda_e82fa975f615b5c7c7b0e4d178fdae67>@@@Z 000000018001b25c f i libucrt:winapi_thunks.obj
 0001:0001a494       __acrt_EnumSystemLocalesEx 000000018001b494 f   libucrt:winapi_thunks.obj
 0001:0001a53c       __acrt_FlsAlloc            000000018001b53c f   libucrt:winapi_thunks.obj
 0001:0001a594       __acrt_FlsFree             000000018001b594 f   libucrt:winapi_thunks.obj
 0001:0001a5ec       __acrt_FlsGetValue         000000018001b5ec f   libucrt:winapi_thunks.obj
 0001:0001a644       __acrt_FlsSetValue         000000018001b644 f   libucrt:winapi_thunks.obj
 0001:0001a6ac       __acrt_GetLocaleInfoEx     000000018001b6ac f   libucrt:winapi_thunks.obj
 0001:0001a744       __acrt_GetUserDefaultLocaleName 000000018001b744 f   libucrt:winapi_thunks.obj
 0001:0001a7b8       __acrt_InitializeCriticalSectionEx 000000018001b7b8 f   libucrt:winapi_thunks.obj
 0001:0001a830       __acrt_IsValidLocaleName   000000018001b830 f   libucrt:winapi_thunks.obj
 0001:0001a898       __acrt_LCIDToLocaleName    000000018001b898 f   libucrt:winapi_thunks.obj
 0001:0001a924       __acrt_LCMapStringEx       000000018001b924 f   libucrt:winapi_thunks.obj
 0001:0001aa14       __acrt_LocaleNameToLCID    000000018001ba14 f   libucrt:winapi_thunks.obj
 0001:0001aa7c       __acrt_can_use_vista_locale_apis 000000018001ba7c f   libucrt:winapi_thunks.obj
 0001:0001aaac       __acrt_initialize_winapi_thunks 000000018001baac f   libucrt:winapi_thunks.obj
 0001:0001aae4       __acrt_is_packaged_app     000000018001bae4 f   libucrt:winapi_thunks.obj
 0001:0001ab6c       __acrt_uninitialize_winapi_thunks 000000018001bb6c f   libucrt:winapi_thunks.obj
 0001:0001abb0       _fcloseall                 000000018001bbb0 f   libucrt:closeall.obj
 0001:0001ac64       __acrt_stdio_free_buffer_nolock 000000018001bc64 f   libucrt:_freebuf.obj
 0001:0001aca4       ??$?RV<lambda_bfedae4ebbf01fab1bb6dcc6a9e276e0>@@AEAV<lambda_2fe9b910cf3cbf4a0ab98a02ba45b3ec>@@V<lambda_237c231691f317818eb88cc1d5d642d6>@@@?$__crt_seh_guarded_call@H@@QEAAH$$QEAV<lambda_bfedae4ebbf01fab1bb6dcc6a9e276e0>@@AEAV<lambda_2fe9b910cf3cbf4a0ab98a02ba45b3ec>@@$$QEAV<lambda_237c231691f317818eb88cc1d5d642d6>@@@Z 000000018001bca4 f i libucrt:close.obj
 0001:0001ad18       _close                     000000018001bd18 f   libucrt:close.obj
 0001:0001adbc       _close_nolock              000000018001bdbc f   libucrt:close.obj
 0001:0001ae78       ?__acrt_stdio_free_stream@@YAXV__crt_stdio_stream@@@Z 000000018001be78 f   libucrt:stream.obj
 0001:0001aebc       ??$?RV<lambda_b521505b218e5242e90febf6bfebc422>@@AEAV<lambda_6978c1fb23f02e42e1d9e99668cc68aa>@@V<lambda_314360699dd331753a4119843814e9a7>@@@?$__crt_seh_guarded_call@H@@QEAAH$$QEAV<lambda_b521505b218e5242e90febf6bfebc422>@@AEAV<lambda_6978c1fb23f02e42e1d9e99668cc68aa>@@$$QEAV<lambda_314360699dd331753a4119843814e9a7>@@@Z 000000018001bebc f i libucrt:commit.obj
 0001:0001af48       _commit                    000000018001bf48 f   libucrt:commit.obj
 0001:0001b57c       _write                     000000018001c57c f   libucrt:write.obj
 0001:0001b668       _write_nolock              000000018001c668 f   libucrt:write.obj
 0001:0001baf4       __acrt_stdio_refill_and_read_narrow_nolock 000000018001caf4 f   libucrt:_filbuf.obj
 0001:0001bfb8       _ftelli64                  000000018001cfb8 f   libucrt:ftell.obj
 0001:0001bfc0       _ftelli64_nolock           000000018001cfc0 f   libucrt:ftell.obj
 0001:0001c0cc       __acrt_stdio_flush_and_write_narrow_nolock 000000018001d0cc f   libucrt:_flsbuf.obj
 0001:0001c340       _lseeki64                  000000018001d340 f   libucrt:lseek.obj
 0001:0001c348       _lseeki64_nolock           000000018001d348 f   libucrt:lseek.obj
 0001:0001c350       __acrt_stdio_allocate_buffer_nolock 000000018001d350 f   libucrt:_getbuf.obj
 0001:0001c590       _mbstowcs_s_l              000000018001d590 f   libucrt:mbstowcs.obj
 0001:0001c6c0       mbstowcs_s                 000000018001d6c0 f   libucrt:mbstowcs.obj
 0001:0001ca14       _wcstombs_s_l              000000018001da14 f   libucrt:wcstombs.obj
 0001:0001cb00       _query_new_mode            000000018001db00 f   libucrt:new_mode.obj
 0001:0001cb08       __acrt_initialize_heap     000000018001db08 f   libucrt:heap_handle.obj
 0001:0001cb24       __acrt_uninitialize_heap   000000018001db24 f   libucrt:heap_handle.obj
 0001:0001ccd0       __acrt_GetLocaleInfoA      000000018001dcd0 f   libucrt:getlocaleinfoa.obj
 0001:0001ce98       __acrt_GetStringTypeA      000000018001de98 f   libucrt:getstringtypea.obj
 0001:0001d3a8       __acrt_LCMapStringA        000000018001e3a8 f   libucrt:lcmapstringa.obj
 0001:0001d440       __acrt_initialize_fma3     000000018001e440 f   libucrt:fma3_available.obj
 0001:0001d4b0       _pow_special               000000018001e4b0 f   libucrt:pow_special.obj
 0001:0001d5d4       _powf_special              000000018001e5d4 f   libucrt:pow_special.obj
 0001:0001d760       _wcsicmp                   000000018001e760 f   libucrt:wcsicmp.obj
 0001:0001d7e8       _wcsicmp_l                 000000018001e7e8 f   libucrt:wcsicmp.obj
 0001:0001d8d8       __acrt_initialize_timeset  000000018001e8d8 f   libucrt:timeset.obj
 0001:0001d908       _isleadbyte_l              000000018001e908 f i libucrt:_wctype.obj
 0001:0001de24       ?expand_if_necessary@?$argument_list@D@?A0xca0879c4@@AEAAHXZ 000000018001ee24 f i libucrt:argv_wildcards.obj
 0001:0001deec       __acrt_expand_narrow_argv_wildcards 000000018001eeec f   libucrt:argv_wildcards.obj
 0001:0001def4       ??$?RV<lambda_99476a1ad63dd22509b5d3e65b0ffc95>@@AEAV<lambda_ad1ced32f4ac17aa236e5ef05d6b3b7c>@@V<lambda_f7424dd8d45958661754dc4f2697e9c3>@@@?$__crt_seh_guarded_call@X@@QEAAX$$QEAV<lambda_99476a1ad63dd22509b5d3e65b0ffc95>@@AEAV<lambda_ad1ced32f4ac17aa236e5ef05d6b3b7c>@@$$QEAV<lambda_f7424dd8d45958661754dc4f2697e9c3>@@@Z 000000018001eef4 f i libucrt:mbctype.obj
 0001:0001e5f0       __acrt_initialize_multibyte 000000018001f5f0 f   libucrt:mbctype.obj
 0001:0001e618       __acrt_update_thread_multibyte_data 000000018001f618 f   libucrt:mbctype.obj
 0001:0001e6d8       _setmbcp_nolock            000000018001f6d8 f   libucrt:mbctype.obj
 0001:0001e980       __acrt_initialize_command_line 000000018001f980 f   libucrt:argv_data.obj
 0001:0001e9a8       __dcrt_get_narrow_environment_from_os 000000018001f9a8 f   libucrt:get_environment_from_os.obj
 0001:0001eaac       _recalloc                  000000018001faac f   libucrt:recalloc.obj
 0001:0001eab4       _recalloc_base             000000018001fab4 f   libucrt:recalloc.obj
 0001:0001eb4c       __acrt_execute_initializers 000000018001fb4c f   libucrt:shared_initialization.obj
 0001:0001ebe0       __acrt_execute_uninitializers 000000018001fbe0 f   libucrt:shared_initialization.obj
 0001:0001ec30       __acrt_has_user_matherr    000000018001fc30 f   libucrt:matherr.obj
 0001:0001ec50       __acrt_initialize_user_matherr 000000018001fc50 f   libucrt:matherr.obj
 0001:0001ec58       __acrt_invoke_user_matherr 000000018001fc58 f   libucrt:matherr.obj
 0001:0001eca0       __acrt_add_locale_ref      000000018001fca0 f   libucrt:locale_refcounting.obj
 0001:0001ed2c       __acrt_free_locale         000000018001fd2c f   libucrt:locale_refcounting.obj
 0001:0001eea4       __acrt_locale_add_lc_time_reference 000000018001fea4 f   libucrt:locale_refcounting.obj
 0001:0001eecc       __acrt_locale_free_lc_time_if_unreferenced 000000018001fecc f   libucrt:locale_refcounting.obj
 0001:0001ef04       __acrt_locale_release_lc_time_reference 000000018001ff04 f   libucrt:locale_refcounting.obj
 0001:0001ef2c       __acrt_release_locale_ref  000000018001ff2c f   libucrt:locale_refcounting.obj
 0001:0001efd4       __acrt_update_thread_locale_data 000000018001ffd4 f   libucrt:locale_refcounting.obj
 0001:0001f044       _updatetlocinfoEx_nolock   0000000180020044 f   libucrt:locale_refcounting.obj
 0001:0001f0ac       __acrt_fp_strflt_to_string 00000001800200ac f   libucrt:_fptostr.obj
 0001:0001f16c       __acrt_fltout              000000018002016c f   libucrt:cfout.obj
 0001:00020560       _isatty                    0000000180021560 f   libucrt:isatty.obj
 0001:000205c0       __acrt_locale_free_monetary 00000001800215c0 f   libucrt:initmon.obj
 0001:000206cc       __acrt_locale_initialize_monetary 00000001800216cc f   libucrt:initmon.obj
 0001:00020c04       __acrt_locale_free_numeric 0000000180021c04 f   libucrt:initnum.obj
 0001:00020c70       __acrt_locale_initialize_numeric 0000000180021c70 f   libucrt:initnum.obj
[...]
 0004:0000207c       $pdata$??$common_xtox_s@K_W@@YAHKQEA_W_KI_N@Z 000000018004207c     libucrt:xtoa.obj
 0004:00002088       $pdata$_itow_s             0000000180042088     libucrt:xtoa.obj
 0004:00002094       $pdata$_wcsnicmp           0000000180042094     libucrt:wcsnicmp.obj
 0004:000020a0       $pdata$_wcsnicmp_l         00000001800420a0     libucrt:wcsnicmp.obj
 0004:000020ac       $pdata$__dcrt_lowio_initialize_console_output 00000001800420ac     libucrt:initcon.obj
 0004:000020b8       $pdata$__dcrt_terminate_console_output 00000001800420b8     libucrt:initcon.obj
 0004:000020c4       $pdata$_clearfp            00000001800420c4     libucrt:ieee.obj
 0004:000020d0       $pdata$common_control87    00000001800420d0     libucrt:ieee.obj
 0004:000020dc       $pdata$__acrt_LCMapStringW 00000001800420dc     libucrt:lcmapstringw.obj
 0004:000020e8       $pdata$_log10_special      00000001800420e8     libucrt:log_special.obj
 0004:000020f4       $pdata$_log_special_common 00000001800420f4     libucrt:log_special.obj
 0004:00002100       $pdata$?DloadAcquireSectionWriteAccess@@YAXXZ 0000000180042100     DelayImp:delayhlp.obj
 0004:0000210c       $pdata$?DloadGetSRWLockFunctionPointers@@YAEXZ 000000018004210c     DelayImp:delayhlp.obj
 0004:00002118       $pdata$?DloadMakePermanentImageCommit@@YAXPEAX_K@Z 0000000180042118     DelayImp:delayhlp.obj
 0004:00002124       $pdata$?DloadObtainSection@@YAPEAXPEAK0@Z 0000000180042124     DelayImp:delayhlp.obj
 0004:00002130       $pdata$?DloadProtectSection@@YAXKPEAK@Z 0000000180042130     DelayImp:delayhlp.obj
 0004:0000213c       $pdata$?DloadReleaseSectionWriteAccess@@YAXXZ 000000018004213c     DelayImp:delayhlp.obj
 0004:00002148       $pdata$__delayLoadHelper2  0000000180042148     DelayImp:delayhlp.obj
 0004:00002154       $pdata$_IsNonwritableInCurrentImage 0000000180042154     LIBCMT:pesect.obj
 0004:00002160       $pdata$strrchr             0000000180042160     libvcruntime:strrchr.obj
 0004:0000216c       $pdata$wcschr              000000018004216c     libvcruntime:wcschr.obj
 0004:00002184       $pdata$?dtor$0@?0???0?$basic_ostream@DU?$char_traits@D@std@@@std@@QEAA@PEAV?$basic_streambuf@DU?$char_traits@D@std@@@1@_N@Z@4HA 0000000180042184     libcpmt:cout.obj
 0004:00002190       $pdata$?dtor$0@?0??_Getcat@?$codecvt@DDU_Mbstatet@@@std@@SA_KPEAPEBVfacet@locale@2@PEBV42@@Z@4HA 0000000180042190     libcpmt:cout.obj
 0004:0000219c       $pdata$__scrt_is_nonwritable_in_current_image$filt$0 000000018004219c     LIBCMT:utility.obj
 0004:000021a8       $pdata$?fin$0@?0??dllmain_crt_process_attach@@YAHQEAUHINSTANCE__@@QEAX@Z@4HA 00000001800421a8     LIBCMT:dll_dllmain.obj
 0004:000021b4       $pdata$?fin$0@?0??dllmain_crt_process_detach@@YAH_N@Z@4HA 00000001800421b4     LIBCMT:dll_dllmain.obj
 0004:000021c0       $pdata$?filt$0@?0??dllmain_dispatch@@YAHQEAUHINSTANCE__@@KQEAX@Z@4HA 00000001800421c0     LIBCMT:dll_dllmain.obj
 0004:000021cc       $pdata$__CxxCallCatchBlock$filt$0 00000001800421cc     libvcruntime:frame.obj
 0004:000021d8       $pdata$__CxxCallCatchBlock$fin$1 00000001800421d8     libvcruntime:frame.obj
 0004:000021e4       $pdata$__DestructExceptionObject$filt$0 00000001800421e4     libvcruntime:frame.obj
 0004:000021f0       $pdata$__FrameUnwindToState$filt$0 00000001800421f0     libvcruntime:frame.obj
 0004:000021fc       $pdata$__FrameUnwindToState$fin$1 00000001800421fc     libvcruntime:frame.obj
 0004:00002208       $pdata$_CallSETranslator$filt$0 0000000180042208     libvcruntime:trnsctrl.obj
 0004:00002214       $pdata$common_flush_all$fin$0 0000000180042214     libucrt:fflush.obj
 0004:00002220       $pdata$common_flush_all$fin$1 0000000180042220     libucrt:fflush.obj
 0004:0000222c       $pdata$fflush$fin$0        000000018004222c     libucrt:fflush.obj
 0004:0000222c       $pdata$fclose$fin$0        000000018004222c     libucrt:fclose.obj
 0004:00002238       $pdata$fgetc$fin$0         0000000180042238     libucrt:fgetc.obj
 0004:00002244       $pdata$fputc$fin$0         0000000180042244     libucrt:fputc.obj
 0004:00002250       $pdata$?fin$0@?0??common_fseek@@YAHV__crt_stdio_stream@@_JH@Z@4HA 0000000180042250     libucrt:fseek.obj
 0004:00002250       $pdata$?fin$0@?0???$common_ftell@_J@@YA_JV__crt_stdio_stream@@@Z@4HA 0000000180042250     libucrt:ftell.obj
 0004:0000225c       $pdata$?fin$0@?0???$?RV<lambda_7a5ef57ff966f610505f1d28a3d40618>@@AEAV<lambda_b721fa326cdb32351d23dfa67958c160>@@V<lambda_5e0fb27672408a07956fe59e48ccb2aa>@@@?$__crt_seh_guarded_call@H@@QEAAH$$QEAV<lambda_7a5ef57ff966f610505f1d28a3d40618>@@AEAV<lambda_b721fa326cdb32351d23dfa67958c160>@@$$QEAV<lambda_5e0fb27672408a07956fe59e48ccb2aa>@@@Z@4HA 000000018004225c     libucrt:setvbuf.obj
 0004:0000225c       $pdata$?fin$0@?0???$?RV<lambda_5d4c3fee44080f75d5d9762853974fe0>@@AEAV<lambda_532e024f4337e6fc7ad266c2bef9f4ed>@@V<lambda_c87bdc10097eb2402edb8ba9bdf0697b>@@@?$__crt_seh_guarded_call@_K@@QEAA_K$$QEAV<lambda_5d4c3fee44080f75d5d9762853974fe0>@@AEAV<lambda_532e024f4337e6fc7ad266c2bef9f4ed>@@$$QEAV<lambda_c87bdc10097eb2402edb8ba9bdf0697b>@@@Z@4HA 000000018004225c     libucrt:fwrite.obj
 0004:00002268       $pdata$ungetc$fin$0        0000000180042268     libucrt:ungetc.obj
 0004:00002274       $pdata$setlocale$fin$0     0000000180042274     libucrt:setlocale.obj
 0004:00002280       $pdata$_query_new_handler$fin$0 0000000180042280     libucrt:new_handler.obj
 0004:0000228c       $pdata$?filt$0@?0??common_exit@@YAXHW4_crt_exit_cleanup_mode@@W4_crt_exit_return_mode@@@Z@4HA 000000018004228c     libucrt:exit.obj
 0004:00002298       $pdata$?fin$1@?0??common_exit@@YAXHW4_crt_exit_cleanup_mode@@W4_crt_exit_return_mode@@@Z@4HA 0000000180042298     libucrt:exit.obj
 0004:000022a4       $pdata$?fin$0@?0???$?RV<lambda_e24bbb7b643b32fcea6fa61b31d4c984>@@AEAV<lambda_275893d493268fdec8709772e3fcec0e>@@V<lambda_9d71df4d7cf3f480f8d633942495c3b0>@@@?$__crt_seh_guarded_call@H@@QEAAH$$QEAV<lambda_e24bbb7b643b32fcea6fa61b31d4c984>@@AEAV<lambda_275893d493268fdec8709772e3fcec0e>@@$$QEAV<lambda_9d71df4d7cf3f480f8d633942495c3b0>@@@Z@4HA 00000001800422a4     libucrt:onexit.obj
 0004:000022b0       $pdata$?fin$0@?0???$?RV<lambda_c36588078e9f5dfd39652860aa6b3aaf>@@AEAV<lambda_ec61778202f4f5fc7e7711acc23c3bca>@@V<lambda_dc9d2797ccde5d239b4a0efae8ebd7db>@@@?$__crt_seh_guarded_call@P6AXH@Z@@QEAAP6AXH@Z$$QEAV<lambda_c36588078e9f5dfd39652860aa6b3aaf>@@AEAV<lambda_ec61778202f4f5fc7e7711acc23c3bca>@@$$QEAV<lambda_dc9d2797ccde5d239b4a0efae8ebd7db>@@@Z@4HA 00000001800422b0     libucrt:signal.obj
 0004:000022b0       $pdata$?fin$0@?0???$?RV<lambda_b8c45f8f788dd370798f47cfe8ac3a86>@@AEAV<lambda_4e60a939b0d047cfe11ddc22648dfba9>@@V<lambda_332c3edc96d0294ec56c57d38c1cdfd5>@@@?$__crt_seh_guarded_call@H@@QEAAH$$QEAV<lambda_b8c45f8f788dd370798f47cfe8ac3a86>@@AEAV<lambda_4e60a939b0d047cfe11ddc22648dfba9>@@$$QEAV<lambda_332c3edc96d0294ec56c57d38c1cdfd5>@@@Z@4HA 00000001800422b0     libucrt:onexit.obj
 0004:000022b0       $pdata$?fin$0@?0???$?RV<lambda_fb3a7dec4e47f37f22dae91bb15c9095>@@AEAV<lambda_698284760c8add0bfb0756c19673e34b>@@V<lambda_dfb8eca1e75fef3034a8fb18dd509707>@@@?$__crt_seh_guarded_call@X@@QEAAX$$QEAV<lambda_fb3a7dec4e47f37f22dae91bb15c9095>@@AEAV<lambda_698284760c8add0bfb0756c19673e34b>@@$$QEAV<lambda_dfb8eca1e75fef3034a8fb18dd509707>@@@Z@4HA 00000001800422b0     libucrt:per_thread_data.obj
 0004:000022b0       $pdata$?fin$0@?0???$?RV<lambda_99476a1ad63dd22509b5d3e65b0ffc95>@@AEAV<lambda_ad1ced32f4ac17aa236e5ef05d6b3b7c>@@V<lambda_f7424dd8d45958661754dc4f2697e9c3>@@@?$__crt_seh_guarded_call@X@@QEAAX$$QEAV<lambda_99476a1ad63dd22509b5d3e65b0ffc95>@@AEAV<lambda_ad1ced32f4ac17aa236e5ef05d6b3b7c>@@$$QEAV<lambda_f7424dd8d45958661754dc4f2697e9c3>@@@Z@4HA 00000001800422b0     libucrt:mbctype.obj
 0004:000022b0       $pdata$?fin$0@?0???$?RV<lambda_5e887d1dcbef67a5eb4283622ba103bf>@@AEAV<lambda_4466841279450cc726390878d4a41900>@@V<lambda_341c25c0346d94847f1f3c463c57e077>@@@?$__crt_seh_guarded_call@X@@QEAAX$$QEAV<lambda_5e887d1dcbef67a5eb4283622ba103bf>@@AEAV<lambda_4466841279450cc726390878d4a41900>@@$$QEAV<lambda_341c25c0346d94847f1f3c463c57e077>@@@Z@4HA 00000001800422b0     libucrt:per_thread_data.obj
 0004:000022b0       $pdata$?fin$0@?0???$?RV<lambda_630b2aca97f6d20d5b5ea6529ea6b6af>@@AEAV<lambda_af91936f1d075d609f72d9d8cba980af>@@V<lambda_e82fa975f615b5c7c7b0e4d178fdae67>@@@?$__crt_seh_guarded_call@H@@QEAAH$$QEAV<lambda_630b2aca97f6d20d5b5ea6529ea6b6af>@@AEAV<lambda_af91936f1d075d609f72d9d8cba980af>@@$$QEAV<lambda_e82fa975f615b5c7c7b0e4d178fdae67>@@@Z@4HA 00000001800422b0     libucrt:winapi_thunks.obj
 0004:000022b0       $pdata$?fin$0@?0???$?RV<lambda_46352004c1216016012b18bd6f87e700>@@AEAV<lambda_3bd07e1a1191394380780325891bf33f>@@V<lambda_334532d3f185bcaa59b5be82d7d22bff>@@@?$__crt_seh_guarded_call@X@@QEAAX$$QEAV<lambda_46352004c1216016012b18bd6f87e700>@@AEAV<lambda_3bd07e1a1191394380780325891bf33f>@@$$QEAV<lambda_334532d3f185bcaa59b5be82d7d22bff>@@@Z@4HA 00000001800422b0     libucrt:per_thread_data.obj
 0004:000022b0       $pdata$?fin$0@?0???$?RV<lambda_d67e8342c384adda8f857579ab50b2ae>@@AEAV<lambda_30712929f77e709619002f448b6a9510>@@V<lambda_4525336fd7e478d965fb7ca7a337cad8>@@@?$__crt_seh_guarded_call@X@@QEAAX$$QEAV<lambda_d67e8342c384adda8f857579ab50b2ae>@@AEAV<lambda_30712929f77e709619002f448b6a9510>@@$$QEAV<lambda_4525336fd7e478d965fb7ca7a337cad8>@@@Z@4HA 00000001800422b0     libucrt:wsetlocale.obj
 0004:000022b0       $pdata$?fin$0@?0???$?RV<lambda_72d1df2b273a38828b1ce30cbf4cdab5>@@AEAV<lambda_876a65b173b8412d3a47c70a915b0cf4>@@V<lambda_41932305e351933ebe8f8be3ed8bb5dc>@@@?$__crt_seh_guarded_call@X@@QEAAX$$QEAV<lambda_72d1df2b273a38828b1ce30cbf4cdab5>@@AEAV<lambda_876a65b173b8412d3a47c70a915b0cf4>@@$$QEAV<lambda_41932305e351933ebe8f8be3ed8bb5dc>@@@Z@4HA 00000001800422b0     libucrt:per_thread_data.obj
 0004:000022bc       $pdata$raise$fin$0         00000001800422bc     libucrt:signal.obj
 0004:000022c8       $pdata$?fin$0@?0???$?RV<lambda_5df02c53a8f32f81fd64e5bbb78039f1>@@AEAV<lambda_2af78c5f5901b1372d98f9ab3177dfa6>@@AEAV<lambda_f51fe5fd7c79a33db34fc9310f277369>@@@?$__crt_seh_guarded_call@X@@QEAAX$$QEAV<lambda_5df02c53a8f32f81fd64e5bbb78039f1>@@AEAV<lambda_2af78c5f5901b1372d98f9ab3177dfa6>@@AEAV<lambda_f51fe5fd7c79a33db34fc9310f277369>@@@Z@4HA 00000001800422c8     libucrt:wsetlocale.obj
 0004:000022d4       $pdata$__acrt_uninitialize_locale$fin$0 00000001800422d4     libucrt:wsetlocale.obj
 0004:000022d4       $pdata$__acrt_update_thread_locale_data$fin$0 00000001800422d4     libucrt:locale_refcounting.obj
 0004:000022e0       $pdata$common_control87$filt$0 00000001800422e0     libucrt:ieee.obj
 0004:000022e0       $pdata$_ctrlfp$filt$0      00000001800422e0     libucrt:fpctrl.obj
 0004:000022ec       $pdata$_fcloseall$fin$0    00000001800422ec     libucrt:closeall.obj
 0004:000022f8       $pdata$?fin$0@?0???$?RV<lambda_b521505b218e5242e90febf6bfebc422>@@AEAV<lambda_6978c1fb23f02e42e1d9e99668cc68aa>@@V<lambda_314360699dd331753a4119843814e9a7>@@@?$__crt_seh_guarded_call@H@@QEAAH$$QEAV<lambda_b521505b218e5242e90febf6bfebc422>@@AEAV<lambda_6978c1fb23f02e42e1d9e99668cc68aa>@@$$QEAV<lambda_314360699dd331753a4119843814e9a7>@@@Z@4HA 00000001800422f8     libucrt:commit.obj
 0004:000022f8       $pdata$?fin$0@?0???$?RV<lambda_bfedae4ebbf01fab1bb6dcc6a9e276e0>@@AEAV<lambda_2fe9b910cf3cbf4a0ab98a02ba45b3ec>@@V<lambda_237c231691f317818eb88cc1d5d642d6>@@@?$__crt_seh_guarded_call@H@@QEAAH$$QEAV<lambda_bfedae4ebbf01fab1bb6dcc6a9e276e0>@@AEAV<lambda_2fe9b910cf3cbf4a0ab98a02ba45b3ec>@@$$QEAV<lambda_237c231691f317818eb88cc1d5d642d6>@@@Z@4HA 00000001800422f8     libucrt:close.obj
 0004:00002304       $pdata$_write$fin$0        0000000180042304     libucrt:write.obj
 0004:00002304       $pdata$?fin$0@?0???$common_lseek@_J@@YA_JH_JH@Z@4HA 0000000180042304     libucrt:lseek.obj
 0004:00002304       $pdata$_read$fin$0         0000000180042304     libucrt:read.obj
 0004:00002310       $pdata$__acrt_update_thread_multibyte_data$fin$0 0000000180042310     libucrt:mbctype.obj
 0004:0000231c       $pdata$__acrt_initialize_lowio$fin$0 000000018004231c     libucrt:ioinit.obj
 0004:0000231c       $pdata$__acrt_lowio_ensure_fh_exists$fin$0 000000018004231c     libucrt:osfinfo.obj
 0004:00002328       $pdata$_IsNonwritableInCurrentImage$filt$0 0000000180042328     LIBCMT:pesect.obj
 0004:00002334       $pdata$??__FmyEngine@mc@@YAXXZ 0000000180042334     neurons.obj
 0004:00002340       $pdata$??__Fcout@std@@YAXXZ 0000000180042340     libcpmt:cout.obj
 0004:0000234c       $pdata$??__F_Fac_tidy_reg@std@@YAXXZ 000000018004234c     libcpmt:locale0.obj
 0004:00002358       $pdata$??__Fclassic_locale@std@@YAXXZ 0000000180042358     libcpmt:locale0.obj
 0004:00002364       $pdata$??__Finit_atexit@@YAXXZ 0000000180042364     libcpmt:iosptrs.obj
 0005:00000000       __guard_fids__             0000000180043000     libucrt:initialization.obj
 0005:00000060       __guard_fids___acrt_initialize_ptd 0000000180043060     libucrt:per_thread_data.obj
 0005:00000064       __guard_fids__             0000000180043064     libucrt:wsetlocale.obj
 0005:0000007c       __guard_fids_??$?RV<lambda_630b2aca97f6d20d5b5ea6529ea6b6af>@@AEAV<lambda_af91936f1d075d609f72d9d8cba980af>@@V<lambda_e82fa975f615b5c7c7b0e4d178fdae67>@@@?$__crt_seh_guarded_call@H@@QEAAH$$QEAV<lambda_630b2aca97f6d20d5b5ea6529ea6b6af>@@AEAV<lambda_af91936f1d075d609f72d9d8cba980af>@@$$QEAV<lambda_e82fa975f615b5c7c7b0e4d178fdae67>@@@Z 000000018004307c     libucrt:winapi_thunks.obj
 0005:00000080       __guard_fids__             0000000180043080     libucrt:stdio_initializer.obj
 0005:00000084       __guard_fids__             0000000180043084     libucrt:stdio_initializer.obj
 0005:00000088       __guard_fids_??$expand_argument_wildcards@D@@YAHQEAD0AEAV?$argument_list@D@?A0xca0879c4@@@Z 0000000180043088     libucrt:argv_wildcards.obj
 0005:0000008c       __guard_fids__             000000018004308c     libucrt:locale_initializer.obj
 0005:00000090       __guard_fids_GetLocaleNameFromLangCountry 0000000180043090     libucrt:get_qualified_locale.obj
 0005:00000094       __guard_fids_GetLocaleNameFromLanguage 0000000180043094     libucrt:get_qualified_locale.obj
 0005:00000098       __guard_fids___acrt_get_qualified_locale_downlevel 0000000180043098     libucrt:getqloc_downlevel.obj
 0005:0000009c       __guard_fids_GetLcidFromLangCountry 000000018004309c     libucrt:getqloc_downlevel.obj
 0005:000000a0       __guard_fids_GetLcidFromLanguage 00000001800430a0     libucrt:getqloc_downlevel.obj
 0005:000000a4       __guard_fids__             00000001800430a4     libucrt:fma3_initializer.obj
 0005:000000a8       __guard_fids__             00000001800430a8     libucrt:timeset_initializer.obj
 0005:000000ac       __guard_fids__             00000001800430ac     libucrt:multibyte_initializer.obj
 0005:000000b0       __guard_fids__             00000001800430b0     libucrt:console_output_initializer.obj
 0005:000000b4       __guard_fids_??__Einitlocks@std@@YAXXZ 00000001800430b4     libcpmt:xlock.obj
 0005:000000b8       __guard_fids__             00000001800430b8     libcpmt:xlock.obj
 0005:000000bc       __guard_fids_??__Einitlocks@@YAXXZ 00000001800430bc     libcpmt:cout.obj
 0005:000000c0       __guard_fids_??__Efout@std@@YAXXZ 00000001800430c0     libcpmt:cout.obj
 0005:000000c4       __guard_fids_??__Ecout@std@@YAXXZ 00000001800430c4     libcpmt:cout.obj
 0005:000000c8       __guard_fids__             00000001800430c8     libcpmt:cout.obj
 0005:000000d0       __guard_fids__             00000001800430d0     libcpmt:cout.obj
 0005:000000d8       __guard_fids__             00000001800430d8     libcpmt:cout.obj
 0005:000000e0       __guard_fids__             00000001800430e0     libcpmt:cout.obj
 0005:000000ec       __guard_fids__             00000001800430ec     libcpmt:cout.obj
 0005:00000118       __guard_fids__             0000000180043118     libcpmt:cout.obj
 0005:00000130       __guard_fids__             0000000180043130     libcpmt:cout.obj
 0005:00000138       __guard_fids__             0000000180043138     libcpmt:cout.obj
 0005:00000150       __guard_fids__             0000000180043150     libcpmt:cout.obj
 0005:00000158       __guard_fids__             0000000180043158     libcpmt:cout.obj
 0005:0000015c       __guard_fids__             000000018004315c     libcpmt:cout.obj
 0005:00000198       __guard_fids__             0000000180043198     libcpmt:cout.obj
 0005:000001d4       __guard_fids__             00000001800431d4     libcpmt:cout.obj
 0005:000001d8       __guard_fids__             00000001800431d8     libcpmt:cout.obj
 0005:000001dc       __guard_fids__             00000001800431dc     libcpmt:cout.obj
 0005:00000204       __guard_fids__             0000000180043204     libcpmt:cout.obj
 0005:00000208       __guard_fids__             0000000180043208     libcpmt:cout.obj
 0005:0000020c       __guard_fids__             000000018004320c     libcpmt:cout.obj
 0005:00000210       __guard_fids__             0000000180043210     libcpmt:cout.obj
 0005:00000214       __guard_fids_??__E_Fac_tidy_reg@std@@YAXXZ 0000000180043214     libcpmt:locale0.obj
 0005:00000218       __guard_fids_?_Setgloballocale@locale@std@@CAXPEAX@Z 0000000180043218     libcpmt:locale0.obj
 0005:0000021c       __guard_fids_??__Eclassic_locale@std@@YAXXZ 000000018004321c     libcpmt:locale0.obj
 0005:00000220       __guard_fids__             0000000180043220     libcpmt:locale0.obj
 0005:0000022c       __guard_fids__             000000018004322c     libcpmt:locale0.obj
 0005:00000230       __guard_fids__             0000000180043230     libcpmt:locale0.obj
 0005:00000234       __guard_fids__             0000000180043234     libcpmt:xthrow.obj
 0005:0000023c       __guard_fids__             000000018004323c     libcpmt:xthrow.obj
 0005:00000244       __guard_fids__             0000000180043244     libcpmt:xthrow.obj
 0005:0000024c       __guard_fids__             000000018004324c     libcpmt:xthrow.obj
 0005:00000254       __guard_fids_??__Einitlocks@std@@YAXXZ 0000000180043254     libcpmt:iosptrs.obj
 0005:00000258       __guard_fids_??__Einit_atexit@@YAXXZ 0000000180043258     libcpmt:iosptrs.obj
 0005:0000025c       __guard_fids__             000000018004325c     libcpmt:iosptrs.obj
 0005:00000260       __guard_fids__             0000000180043260     libcpmt:iosptrs.obj
 0005:00000264       __guard_fids__             0000000180043264     libcpmt:locale.obj
 0005:00000290       __guard_fids__             0000000180043290     libcpmt:locale.obj
 0005:000002b0       __guard_fids__             00000001800432b0     libcpmt:winapisupp.obj
 0005:000002b4       __guard_fids__             00000001800432b4     LIBCMT:thread_safe_statics.obj
 0005:000002b8       __guard_fids_?__scrt_initialize_thread_safe_statics@@YAHXZ 00000001800432b8     LIBCMT:thread_safe_statics.obj
 0005:000002bc       __guard_fids_?dllmain_crt_process_attach@@YAHQEAUHINSTANCE__@@QEAX@Z 00000001800432bc     LIBCMT:dll_dllmain.obj
 0005:000002c4       __guard_fids_?dllmain_dispatch@@YAHQEAUHINSTANCE__@@KQEAX@Z 00000001800432c4     LIBCMT:dll_dllmain.obj
 0005:000002c8       __guard_fids__             00000001800432c8     LIBCMT:std_type_info_static.obj
 0005:000002cc       __guard_fids__             00000001800432cc     LIBCMT:throw_bad_alloc.obj
 0005:000002d4       __guard_fids__             00000001800432d4     LIBCMT:guard_support.obj
 0005:000002d8       __guard_fids__             00000001800432d8     libvcruntime:frame.obj
 0005:000002dc       __guard_fids__             00000001800432dc     libvcruntime:frame.obj
 0005:000002e4       __guard_fids__UnwindNestedFrames 00000001800432e4     libvcruntime:trnsctrl.obj
 0005:000002e8       __guard_fids___vcrt_initialize_ptd 00000001800432e8     libvcruntime:per_thread_data.obj
 0007:00000060       $R000000                   0000000180045060     * linker generated manifest res *

 Exports

  ordinal    name

        1    _register_neurons_
